===============================================================================
Loaded: apptainer 1.4.5

  Apptainer (formerly Singularity) simplifies the creation and execution of
  containers, ensuring software components are encapsulated for portability and
  reproducibility.

  For more information, visit:
  apptainer.org

===============================================================================
     
Running 500-episode/mode ISOLATION A/B on sg005, GPU=0
(6.0.1 kit python is 3.12 — the compiled hocbf extension is py3.11-only;
 hocbf_crazyflie_iso.py auto-falls-back to the verified hocbf_py port.)
WARNING: nv files may not be bound with --writable
WARNING: Skipping mount /usr/bin/nvidia-smi [files]: /usr/bin/nvidia-smi doesn't exist in container
WARNING: Skipping mount /usr/bin/nvidia-debugdump [files]: /usr/bin/nvidia-debugdump doesn't exist in container
WARNING: Skipping mount /usr/bin/nvidia-cuda-mps-control [files]: /usr/bin/nvidia-cuda-mps-control doesn't exist in container
WARNING: Skipping mount /var/run/nvidia-persistenced/socket [files]: /var/run/nvidia-persistenced/socket doesn't exist in container
WARNING: Skipping mount /usr/share/egl/egl_external_platform.d/15_nvidia_gbm.json [files]: /usr/share/egl/egl_external_platform.d/15_nvidia_gbm.json doesn't exist in container
WARNING: Skipping mount /usr/share/egl/egl_external_platform.d/10_nvidia_wayland.json [files]: /usr/share/egl/egl_external_platform.d/10_nvidia_wayland.json doesn't exist in container
WARNING: Skipping mount /usr/bin/nvidia-persistenced [files]: /usr/bin/nvidia-persistenced doesn't exist in container
WARNING: Skipping mount /usr/bin/nvidia-cuda-mps-server [files]: /usr/bin/nvidia-cuda-mps-server doesn't exist in container
WARNING: Skipping mount /usr/share/nvidia/nvoptix.bin [files]: /usr/share/nvidia/nvoptix.bin doesn't exist in container
WARNING: Error changing the container working directory. Using '/scratch/rpachgha/solhome' instead: chdir /scratch/rpachgha/autonomous-drone-safety-architecture: no such file or directory
2026-09-24T02:12:24Z [Info] [carb] Logging to file: /isaac-sim/kit/logs/Kit/Isaac-Sim Python/6.0/kit_20260923_191224.log
[0.307s] [ext: omni.assets.plugins-0.0.0] startup
[0.313s] [ext: omni.blobkey-1.1.2] startup
[0.315s] [ext: omni.kit.async_engine-0.0.3] startup
[8.515s] [ext: omni.client.lib-1.1.1] startup
[8.598s] [ext: omni.client-1.3.0] startup
2026-09-24T02:12:33Z [8,543ms] [Warning] [carb.omniclient.plugin]  996186: OmniHub: ThreadId(02) Hub encountered error. Trying to reconnect to Hub. retry_reason="Hub failed to launch: Io(\"child exited with exit status: 1 without writing file \\\"/tmp/hub-rpachgha-C5A8A7B9.config.json\\\"\")"
2026-09-24T02:12:33Z [8,616ms] [Warning] [carb.omniclient.plugin]  996186: OmniHub: ThreadId(02) Hub encountered error. Trying to reconnect to Hub. retry_reason="Hub failed to launch: Io(\"child exited with exit status: 1 without writing file \\\"/tmp/hub-rpachgha-C5A8A7B9.config.json\\\"\")"
2026-09-24T02:12:33Z [8,750ms] [Warning] [carb.omniclient.plugin]  996186: OmniHub: ThreadId(02) Hub encountered error. Trying to reconnect to Hub. retry_reason="Hub failed to launch: Io(\"child exited with exit status: 1 without writing file \\\"/tmp/hub-rpachgha-C5A8A7B9.config.json\\\"\")"
2026-09-24T02:12:33Z [8,894ms] [Warning] [carb.omniclient.plugin]  996186: OmniHub: ThreadId(02) Hub encountered error. Trying to reconnect to Hub. retry_reason="Hub failed to launch: Io(\"child exited with exit status: 1 without writing file \\\"/tmp/hub-rpachgha-C5A8A7B9.config.json\\\"\")"
2026-09-24T02:12:33Z [9,047ms] [Warning] [carb.omniclient.plugin]  996186: OmniHub: ThreadId(02) Hub encountered error. Trying to reconnect to Hub. retry_reason="Hub failed to launch: Io(\"child exited with exit status: 1 without writing file \\\"/tmp/hub-rpachgha-C5A8A7B9.config.json\\\"\")"
2026-09-24T02:12:34Z [9,211ms] [Warning] [carb.omniclient.plugin]  996186: OmniHub: ThreadId(02) Hub encountered error. Trying to reconnect to Hub. retry_reason="Hub failed to launch: Io(\"child exited with exit status: 1 without writing file \\\"/tmp/hub-rpachgha-C5A8A7B9.config.json\\\"\")"
2026-09-24T02:12:34Z [9,385ms] [Warning] [carb.omniclient.plugin]  996186: OmniHub: ThreadId(02) Hub encountered error. Trying to reconnect to Hub. retry_reason="Hub failed to launch: Io(\"child exited with exit status: 1 without writing file \\\"/tmp/hub-rpachgha-C5A8A7B9.config.json\\\"\")"
2026-09-24T02:12:34Z [9,569ms] [Warning] [carb.omniclient.plugin]  996186: OmniHub: ThreadId(02) Hub encountered error. Trying to reconnect to Hub. retry_reason="Hub failed to launch: Io(\"child exited with exit status: 1 without writing file \\\"/tmp/hub-rpachgha-C5A8A7B9.config.json\\\"\")"
2026-09-24T02:12:34Z [9,713ms] [Warning] [carb.omniclient.plugin]  996186: OmniHub: ThreadId(02) Hub encountered error. Trying to reconnect to Hub. retry_reason="Hub failed to launch: Io(\"child exited with exit status: 1 without writing file \\\"/tmp/hub-rpachgha-C5A8A7B9.config.json\\\"\")"
2026-09-24T02:12:34Z [9,916ms] [Warning] [carb.omniclient.plugin]  996186: OmniHub: ThreadId(02) Hub encountered error. Trying to reconnect to Hub. retry_reason="Hub failed to launch: Io(\"child exited with exit status: 1 without writing file \\\"/tmp/hub-rpachgha-C5A8A7B9.config.json\\\"\")"
2026-09-24T02:12:34Z [10,130ms] [Warning] [carb.omniclient.plugin]  996186: OmniHub: ThreadId(02) Hub encountered error. Trying to reconnect to Hub. retry_reason="Hub failed to launch: Io(\"child exited with exit status: 1 without writing file \\\"/tmp/hub-rpachgha-C5A8A7B9.config.json\\\"\")"
2026-09-24T02:12:35Z [10,354ms] [Warning] [carb.omniclient.plugin]  996186: OmniHub: ThreadId(02) Hub encountered error. Trying to reconnect to Hub. retry_reason="Hub failed to launch: Io(\"child exited with exit status: 1 without writing file \\\"/tmp/hub-rpachgha-C5A8A7B9.config.json\\\"\")"
2026-09-24T02:12:35Z [10,587ms] [Warning] [carb.omniclient.plugin]  996186: OmniHub: ThreadId(02) Hub encountered error. Trying to reconnect to Hub. retry_reason="Hub failed to launch: Io(\"child exited with exit status: 1 without writing file \\\"/tmp/hub-rpachgha-C5A8A7B9.config.json\\\"\")"
2026-09-24T02:12:35Z [10,882ms] [Warning] [carb.omniclient.plugin]  996186: OmniHub: ThreadId(02) Hub encountered error. Trying to reconnect to Hub. retry_reason="Hub failed to launch: Io(\"child exited with exit status: 1 without writing file \\\"/tmp/hub-rpachgha-C5A8A7B9.config.json\\\"\")"
2026-09-24T02:12:35Z [11,135ms] [Warning] [carb.omniclient.plugin]  996186: OmniHub: ThreadId(02) Hub encountered error. Trying to reconnect to Hub. retry_reason="Hub failed to launch: Io(\"child exited with exit status: 1 without writing file \\\"/tmp/hub-rpachgha-C5A8A7B9.config.json\\\"\")"
2026-09-24T02:12:36Z [11,399ms] [Warning] [carb.omniclient.plugin]  996186: OmniHub: ThreadId(02) Hub encountered error. Trying to reconnect to Hub. retry_reason="Hub failed to launch: Io(\"child exited with exit status: 1 without writing file \\\"/tmp/hub-rpachgha-C5A8A7B9.config.json\\\"\")"
2026-09-24T02:12:36Z [11,674ms] [Warning] [carb.omniclient.plugin]  996186: OmniHub: ThreadId(02) Hub encountered error. Trying to reconnect to Hub. retry_reason="Hub failed to launch: Io(\"child exited with exit status: 1 without writing file \\\"/tmp/hub-rpachgha-C5A8A7B9.config.json\\\"\")"
2026-09-24T02:12:36Z [11,958ms] [Warning] [carb.omniclient.plugin]  996186: OmniHub: ThreadId(02) Hub encountered error. Trying to reconnect to Hub. retry_reason="Hub failed to launch: Io(\"child exited with exit status: 1 without writing file \\\"/tmp/hub-rpachgha-C5A8A7B9.config.json\\\"\")"
2026-09-24T02:12:37Z [12,251ms] [Warning] [carb.omniclient.plugin]  996186: OmniHub: ThreadId(02) Hub encountered error. Trying to reconnect to Hub. retry_reason="Hub failed to launch: Io(\"child exited with exit status: 1 without writing file \\\"/tmp/hub-rpachgha-C5A8A7B9.config.json\\\"\")"
2026-09-24T02:12:37Z [12,555ms] [Warning] [carb.omniclient.plugin]  996186: OmniHub: ThreadId(02) Hub encountered error. Trying to reconnect to Hub. retry_reason="Hub failed to launch: Io(\"child exited with exit status: 1 without writing file \\\"/tmp/hub-rpachgha-C5A8A7B9.config.json\\\"\")"
2026-09-24T02:12:37Z [12,819ms] [Warning] [carb.omniclient.plugin]  996186: OmniHub: ThreadId(02) Hub encountered error. Trying to reconnect to Hub. retry_reason="Hub failed to launch: Io(\"child exited with exit status: 1 without writing file \\\"/tmp/hub-rpachgha-C5A8A7B9.config.json\\\"\")"
2026-09-24T02:12:37Z [13,144ms] [Warning] [carb.omniclient.plugin]  996186: OmniHub: ThreadId(02) Hub encountered error. Trying to reconnect to Hub. retry_reason="Hub failed to launch: Io(\"child exited with exit status: 1 without writing file \\\"/tmp/hub-rpachgha-C5A8A7B9.config.json\\\"\")"
2026-09-24T02:12:38Z [13,478ms] [Warning] [carb.omniclient.plugin]  996186: OmniHub: ThreadId(02) Hub encountered error. Trying to reconnect to Hub. retry_reason="Hub failed to launch: Io(\"child exited with exit status: 1 without writing file \\\"/tmp/hub-rpachgha-C5A8A7B9.config.json\\\"\")"
2026-09-24T02:12:38Z [13,822ms] [Warning] [carb.omniclient.plugin]  996186: OmniHub: ThreadId(02) Hub encountered error. Trying to reconnect to Hub. retry_reason="Hub failed to launch: Io(\"child exited with exit status: 1 without writing file \\\"/tmp/hub-rpachgha-C5A8A7B9.config.json\\\"\")"
2026-09-24T02:12:38Z [14,125ms] [Warning] [carb.omniclient.plugin]  996186: OmniHub: ThreadId(02) Hub encountered error. Trying to reconnect to Hub. retry_reason="Hub failed to launch: Io(\"child exited with exit status: 1 without writing file \\\"/tmp/hub-rpachgha-C5A8A7B9.config.json\\\"\")"
2026-09-24T02:12:39Z [14,489ms] [Warning] [carb.omniclient.plugin]  996186: OmniHub: ThreadId(02) Hub encountered error. Trying to reconnect to Hub. retry_reason="Hub failed to launch: Io(\"child exited with exit status: 1 without writing file \\\"/tmp/hub-rpachgha-C5A8A7B9.config.json\\\"\")"
2026-09-24T02:12:39Z [14,863ms] [Warning] [carb.omniclient.plugin]  996186: OmniHub: ThreadId(02) Hub encountered error. Trying to reconnect to Hub. retry_reason="Hub failed to launch: Io(\"child exited with exit status: 1 without writing file \\\"/tmp/hub-rpachgha-C5A8A7B9.config.json\\\"\")"
WARNING: All log messages before absl::InitializeLog() is called are written to STDERR
E0000 00:00:1790215965.513364  996095 descriptor_database.cc:633] File already exists in database: grpc/health/v1/health.proto
W0000 00:00:1790215965.514092  996095 message.cc:301] Protobuf GeneratedMessageFactory: File is already registered: grpc/health/v1/health.proto
2026-09-24T02:12:40Z [15,248ms] [Warning] [carb.omniclient.plugin]  996186: OmniHub: ThreadId(02) Hub encountered error. Trying to reconnect to Hub. retry_reason="Hub failed to launch: Io(\"child exited with exit status: 1 without writing file \\\"/tmp/hub-rpachgha-C5A8A7B9.config.json\\\"\")"
2026-09-24T02:12:40Z [15,642ms] [Warning] [carb.omniclient.plugin]  996186: OmniHub: ThreadId(02) Hub encountered error. Trying to reconnect to Hub. retry_reason="Hub failed to launch: Io(\"child exited with exit status: 1 without writing file \\\"/tmp/hub-rpachgha-C5A8A7B9.config.json\\\"\")"
2026-09-24T02:12:40Z [16,046ms] [Warning] [carb.omniclient.plugin]  996186: OmniHub: ThreadId(02) Hub encountered error. Trying to reconnect to Hub. retry_reason="Hub failed to launch: Io(\"child exited with exit status: 1 without writing file \\\"/tmp/hub-rpachgha-C5A8A7B9.config.json\\\"\")"
2026-09-24T02:12:41Z [16,460ms] [Warning] [carb.omniclient.plugin]  996186: OmniHub: ThreadId(02) Hub encountered error. Trying to reconnect to Hub. retry_reason="Hub failed to launch: Io(\"child exited with exit status: 1 without writing file \\\"/tmp/hub-rpachgha-C5A8A7B9.config.json\\\"\")"
2026-09-24T02:12:41Z [16,884ms] [Warning] [carb.omniclient.plugin]  996186: OmniHub: ThreadId(02) Hub encountered error. Trying to reconnect to Hub. retry_reason="Hub failed to launch: Io(\"child exited with exit status: 1 without writing file \\\"/tmp/hub-rpachgha-C5A8A7B9.config.json\\\"\")"
2026-09-24T02:12:42Z [17,317ms] [Warning] [carb.omniclient.plugin]  996186: OmniHub: ThreadId(02) Hub encountered error. Trying to reconnect to Hub. retry_reason="Hub failed to launch: Io(\"child exited with exit status: 1 without writing file \\\"/tmp/hub-rpachgha-C5A8A7B9.config.json\\\"\")"
2026-09-24T02:12:42Z [17,761ms] [Warning] [carb.omniclient.plugin]  996186: OmniHub: ThreadId(02) Hub encountered error. Trying to reconnect to Hub. retry_reason="Hub failed to launch: Io(\"child exited with exit status: 1 without writing file \\\"/tmp/hub-rpachgha-C5A8A7B9.config.json\\\"\")"
2026-09-24T02:12:43Z [18,215ms] [Warning] [carb.omniclient.plugin]  996186: OmniHub: ThreadId(02) Hub encountered error. Trying to reconnect to Hub. retry_reason="Hub failed to launch: Io(\"child exited with exit status: 1 without writing file \\\"/tmp/hub-rpachgha-C5A8A7B9.config.json\\\"\")"
2026-09-24T02:12:43Z [18,678ms] [Warning] [carb.omniclient.plugin]  996186: OmniHub: ThreadId(02) Hub encountered error. Trying to reconnect to Hub. retry_reason="Hub failed to launch: Io(\"child exited with exit status: 1 without writing file \\\"/tmp/hub-rpachgha-C5A8A7B9.config.json\\\"\")"
2026-09-24T02:12:43Z [19,152ms] [Warning] [carb.omniclient.plugin]  996186: OmniHub: ThreadId(02) Hub encountered error. Trying to reconnect to Hub. retry_reason="Hub failed to launch: Io(\"child exited with exit status: 1 without writing file \\\"/tmp/hub-rpachgha-C5A8A7B9.config.json\\\"\")"
2026-09-24T02:12:44Z [19,637ms] [Warning] [carb.omniclient.plugin]  996186: OmniHub: ThreadId(02) Hub encountered error. Trying to reconnect to Hub. retry_reason="Hub failed to launch: Io(\"child exited with exit status: 1 without writing file \\\"/tmp/hub-rpachgha-C5A8A7B9.config.json\\\"\")"
2026-09-24T02:12:44Z [20,131ms] [Warning] [carb.omniclient.plugin]  996186: OmniHub: ThreadId(02) Hub encountered error. Trying to reconnect to Hub. retry_reason="Hub failed to launch: Io(\"child exited with exit status: 1 without writing file \\\"/tmp/hub-rpachgha-C5A8A7B9.config.json\\\"\")"
[20.778s] [ext: omni.protobuf.lib-1.0.0] startup
[20.790s] [ext: omni.grpc.lib-1.0.0] startup
[20.823s] [ext: omni.metrics.core-0.0.3] startup
[20.824s] [ext: omni.datastore-0.0.0] startup
[20.850s] [ext: omni.gpu_foundation.shadercache.vulkan-1.0.0] startup
[20.863s] [ext: omni.hsscclient-1.1.4] startup
[20.867s] [ext: omni.stats-1.0.1] startup
[20.872s] [ext: omni.ujitso.default-1.0.0] startup
[20.928s] [ext: omni.gpu_foundation-0.0.0] startup
[21.275s] [ext: carb.windowing.plugins-1.0.1] startup
[21.279s] [ext: omni.kit.renderer.init-1.0.1] startup
2026-09-24T02:12:45Z [21,143ms] [Warning] [omni.perfmonitor.plugin]  PerfMonitorManager::onStart - error calling pthread_setaffinity_np
2026-09-24T02:12:46Z [21,247ms] [Warning] [omni.platforminfo.plugin] failed to open the default display.  Can't verify X Server version.
2026-09-24T02:12:46Z [21,249ms] [Warning] [omni.rtx] nvidia-smi not found in '/usr/bin/'
2026-09-24T02:12:46Z [21,249ms] [Warning] [omni.rtx] CUDA_VISIBLE_DEVICES environment variable is set.
2026-09-24T02:12:46Z [21,249ms] [Warning] [omni.rtx] Note CUDA device enumeration and Omniverse device enumeration are different.
2026-09-24T02:12:46Z [21,249ms] [Warning] [omni.rtx] Setting CUDA_VISIBLE_DEVICES can lead to undesired behavior or crashes.

|---------------------------------------------------------------------------------------------|
| Driver Version: 595.71.05     | Graphics API: Vulkan
|=============================================================================================|
| GPU | Name                             | Active | LDA | GPU Memory | Vendor-ID | LUID       |
|     |                                  |        |     |            | Device-ID | UUID       |
|     |                                  |        |     |            | Bus-ID    |            |
|---------------------------------------------------------------------------------------------|
| 0   | NVIDIA A100-SXM4-80GB            | Yes: 0 |     | 81920   MB | 10de      | 0          |
|     |                                  |        |     |            | 20b2      | db37b961.. |
|     |                                  |        |     |            | 41        |            |
|=============================================================================================|
| OS: 24.04.3 LTS (Noble Numbat) ubuntu, Version: 24.04.3, Kernel: 4.18.0-553.124.1.el8_10.x86_64
| Processor: AMD EPYC 7413 24-Core Processor
| Cores: 48 | Logical Cores: 48
|---------------------------------------------------------------------------------------------|
| Total Memory (MB): 515582 | Free Memory: 252239
| Total Page/Swap (MB): 0 | Free Page/Swap: 0
|---------------------------------------------------------------------------------------------|
2026-09-24T02:12:47Z [22,602ms] [Warning] [omni.rtx] ECC is enabled on physical device 0
2026-09-24T02:12:47Z [22,606ms] [Warning] [omni.rtx] IOMMU is enabled.
[23.119s] [ext: omni.kit.pipapi-0.0.0] startup
[23.131s] [ext: omni.kit.pip_archive-0.0.0] startup
[23.134s] [ext: isaacsim.pip.newton-0.6.1] startup
[23.137s] [ext: omni.pip.compute-1.9.2] startup
[23.139s] [ext: omni.isaac.core_archive-5.3.1] startup
[23.141s] [ext: omni.kit.telemetry-0.5.2] startup
[23.208s] [ext: omni.kit.loop-isaac-1.6.0] startup
[23.215s] [ext: omni.kit.test-2.0.7] startup
[23.418s] [ext: omni.materialx.libs-1.0.9] startup
[23.444s] [ext: omni.gpucompute.plugins-0.0.0] startup
[23.447s] [ext: omni.usd.config-1.0.7] startup
[23.483s] [ext: omni.usd.libs-1.0.3] startup
[23.772s] [ext: omni.iray.libs-0.0.1] startup
[23.837s] [ext: omni.mdl-57.0.3] startup
[23.877s] [ext: omni.mdl.neuraylib-0.2.20] startup
[23.888s] [ext: omni.kit.usd.mdl-1.1.9] startup
[24.230s] [ext: omni.appwindow-1.2.2] startup
[24.238s] [ext: omni.kit.renderer.core-1.2.2] startup
2026-09-24T02:12:48Z [24,128ms] [Warning] [carb.windowing-glfw.plugin] GLFW initialization failed.
2026-09-24T02:12:48Z [24,128ms] [Warning] [carb] Failed to startup plugin carb.windowing-glfw.plugin (interfaces: [carb::windowing::IGLContext v1.0],[carb::windowing::IWindowing v1.5]) (impl: carb.windowing-glfw.plugin)
[24.291s] [ext: omni.kit.renderer.capture-2.0.1] startup
[24.300s] [ext: omni.kit.renderer.imgui-2.0.6] startup
2026-09-24T02:12:49Z [24,179ms] [Warning] [carb.windowing-glfw.plugin] GLFW initialization failed.
2026-09-24T02:12:49Z [24,179ms] [Warning] [carb] Failed to startup plugin carb.windowing-glfw.plugin (interfaces: [carb::windowing::IGLContext v1.0],[carb::windowing::IWindowing v1.5]) (impl: carb.windowing-glfw.plugin)
2026-09-24T02:12:49Z [24,182ms] [Warning] [carb.windowing-glfw.plugin] GLFW initialization failed.
2026-09-24T02:12:49Z [24,182ms] [Warning] [carb] Failed to startup plugin carb.windowing-glfw.plugin (interfaces: [carb::windowing::IGLContext v1.0],[carb::windowing::IWindowing v1.5]) (impl: carb.windowing-glfw.plugin)
[24.543s] [ext: omni.ui-3.2.0] startup
[24.574s] [ext: omni.kit.mainwindow-1.0.3] startup
[24.579s] [ext: carb.audio-0.1.0] startup
[24.590s] [ext: omni.uiaudio-1.0.0] startup
[24.594s] [ext: omni.kit.uiapp-0.0.0] startup
[24.594s] [ext: omni.usd.schema.metrics.assembler-110.1.0] startup
[24.614s] [ext: omni.usd.schema.audio-0.0.1] startup
[24.622s] [ext: omni.usd_resolver-1.0.0] startup
[24.635s] [ext: omni.usd.core-1.8.3] startup
[24.648s] [ext: omni.metropolis.schema-0.0.3] startup
[24.650s] [ext: isaacsim.anim.robot.schema-0.1.1] startup
[24.655s] [ext: omni.usd.schema.anim-0.0.1] startup
[24.698s] [ext: omni.usd.schema.geospatial-0.0.1] startup
[24.704s] [ext: omni.usd.schema.omnigraph-1.0.1] startup
[24.719s] [ext: omni.usd.schema.semantics-0.0.0] startup
[24.726s] [ext: omni.activity.core-1.0.3] startup
[24.731s] [ext: omni.cubric-0.1.0] startup
[24.733s] [ext: omni.graph.exec-0.9.6] startup
[24.735s] [ext: omni.hydra.scene_delegate-0.3.5] startup
[24.743s] [ext: usdrt.scenegraph-7.6.3] startup
[24.843s] [ext: omni.hydra.usdrt_delegate-7.5.2] startup
[24.880s] [ext: omni.inspect-1.0.2] startup
[24.886s] [ext: omni.kit.actions.core-1.0.0] startup
[24.894s] [ext: omni.kit.audiodeviceenum-1.0.2] startup
[24.899s] [ext: omni.kit.commands-1.5.0] startup
[24.912s] [ext: omni.kit.exec.core-0.13.5] startup
[24.919s] [ext: omni.kit.usd_undo-0.1.8] startup
[24.921s] [ext: omni.kit.window.popup_dialog-2.0.25] startup
[24.932s] [ext: omni.kit.widget.nucleus_connector-2.3.1] startup
[24.946s] [ext: omni.timeline-1.1.0] startup
[24.953s] [ext: omni.usd-1.16.0] startup
[25.039s] [ext: omni.graph.core-3.1.2] startup
[25.050s] [ext: omni.kit.notification_manager-1.0.11] startup
[25.058s] [ext: isaacsim.core.deprecation_manager-0.4.2] startup
[25.061s] [ext: isaacsim.replicator.agent.schema-0.1.1] startup
[25.066s] [ext: isaacsim.robot.schema-6.3.7] startup
[25.121s] [ext: isaacsim.robot_motion.schema-0.2.1] startup
[25.125s] [ext: omni.anim.behavior.schema-110.1.0] startup
[25.136s] [ext: omni.anim.graph.schema-110.1.1] startup
[25.150s] [ext: omni.anim.navigation.schema-110.1.0] startup
[25.157s] [ext: omni.behavior.tree.schema-110.1.0] startup
[25.161s] [ext: omni.isaac.ml_archive-3.3.0] startup
[25.163s] [ext: omni.kit.asset_converter-6.0.1] startup
[25.207s] [ext: omni.pip.cloud-1.5.4] startup
[25.214s] [ext: omni.usd.schema.flow-110.0.0] startup
[25.216s] [ext: omni.usd.schema.mujoco-1.1.1] startup
[25.219s] [ext: omni.usd.schema.newton-1.2.1] startup
[25.224s] [ext: omni.usd.schema.omni_lens_distortion-1.0.0] startup
[25.226s] [ext: omni.usd.schema.omni_projectors-1.0.0] startup
[25.228s] [ext: omni.usd.schema.omni_sensors-0.0.0] startup
[25.246s] [ext: omni.usd.schema.omniscripting-1.0.1] startup
[25.256s] [ext: omni.usd.schema.physical_lighting-0.1.0] startup
[25.263s] [ext: omni.usd.schema.physx-110.1.13] startup
[25.334s] [ext: omni.usd.schema.render_settings.rtx-1.0.2] startup
[25.346s] [ext: omni.usd.schema.usd_particle_field-1.0.0] startup
[25.348s] [ext: isaacsim.core.version-2.1.1] startup
[25.352s] [ext: omni.kit.menu.core-1.2.0] startup
[25.355s] [ext: omni.kit.menu.utils-2.2.4] startup
[25.377s] [ext: isaacsim.app.about-2.3.1] startup
[25.391s] [ext: isaacsim.asset.transformer-1.2.5] startup
[25.400s] [ext: omni.scene.optimizer.core-110.1.0] startup
[25.516s] [ext: isaacsim.asset.importer.utils-1.8.1] startup
[25.527s] [ext: omni.convexdecomposition-110.1.13] startup
[25.536s] [ext: omni.physics-110.1.13] startup
[25.546s] [ext: omni.physx.gpu-110.1.13] startup
[25.547s] [ext: omni.physx.foundation-110.1.13] startup
[25.568s] [ext: omni.usdphysics-110.1.13] startup
[25.574s] [ext: omni.physx.cooking-110.1.13] startup
[25.582s] [ext: omni.physx-110.1.13] startup
[25.612s] [ext: omni.physics.physx-110.1.13] startup
[25.616s] [ext: isaacsim.asset.exporter.urdf-2.0.5] startup
[25.637s] [ext: omni.kit.clipboard-1.1.1] startup
[25.645s] [ext: omni.kit.usd.layers-2.6.1] startup
[25.670s] [ext: omni.kit.widget.context_menu-1.4.0] startup
[25.676s] [ext: omni.kit.context_menu-1.9.0] startup
[25.681s] [ext: omni.kit.helper.file_utils-0.1.10] startup
[25.685s] [ext: omni.kit.widget.nucleus_info-2.0.2] startup
[25.688s] [ext: omni.kit.search_core-1.0.8] startup
[25.692s] [ext: omni.kit.widget.path_field-2.0.13] startup
[25.696s] [ext: omni.kit.widget.browser_bar-2.0.10] startup
[25.699s] [ext: omni.kit.widget.filebrowser-2.13.4] startup
[25.718s] [ext: omni.kit.widget.options_menu-1.1.6] startup
[25.730s] [ext: omni.kit.widget.options_button-1.0.3] startup
[25.733s] [ext: omni.kit.widget.search_delegate-1.0.9] startup
[25.738s] [ext: omni.ui.scene-2.0.3] startup
[25.754s] [ext: omni.kit.window.filepicker-2.15.5] startup
[25.825s] [ext: omni.kit.window.file_importer-1.1.21] startup
[25.831s] [ext: omni.kit.material.library-3.1.2] startup
[25.846s] [ext: isaacsim.asset.transformer.rules-1.7.10] startup
[25.883s] [ext: omni.usdex.libs-2.2.2] startup
[25.902s] [ext: isaacsim.asset.importer.mjcf-3.10.1] startup
[25.909s] [ext: isaacsim.asset.importer.urdf-3.11.2] startup
[25.921s] [ext: omni.kit.primitive.mesh-1.1.0] startup
[25.933s] [ext: omni.kit.stage_template.core-1.1.22] startup
[25.936s] [ext: omni.kit.stage_templates-2.0.2] startup
[25.943s] [ext: omni.usd.metrics.assembler-110.1.2] startup
[25.954s] [ext: omni.warp.core-1.13.0] startup
[26.301s] [ext: isaacsim.core.experimental.utils-0.17.2] startup
[26.313s] [ext: omni.physics.stageupdate-110.1.13] startup
[26.322s] [ext: omni.physics.tensors-110.1.13] startup
[26.337s] [ext: omni.physx.tensors-110.1.13] startup
[26.345s] [ext: isaacsim.core.simulation_manager-1.15.6] startup
[26.385s] [ext: isaacsim.storage.native-1.9.3] startup
[26.391s] [ext: omni.usd.metrics.assembler.physics-110.1.13] startup
[26.396s] [ext: isaacsim.core.utils-4.1.7] startup
[26.405s] [ext: isaacsim.core.prims-0.11.7] startup
[29.806s] [ext: isaacsim.core.api-5.2.13] startup
[29.847s] [ext: isaacsim.core.cloner-1.7.3] startup
[29.853s] [ext: isaacsim.test.docstring-1.3.2] startup
[29.865s] [ext: isaacsim.core.experimental.prims-1.8.9] startup
[29.921s] [ext: isaacsim.core.experimental.primdata-0.3.2] startup
[29.927s] [ext: omni.graph.tools-1.81.0] startup
[30.017s] [ext: omni.graph-1.142.5] startup
[30.117s] [ext: isaacsim.core.experimental.actuators-0.1.2] startup
[30.169s] [ext: isaacsim.core.experimental.materials-0.7.1] startup
[30.184s] [ext: isaacsim.core.experimental.objects-0.8.1] startup
[30.350s] [ext: omni.hydra.engine.stats-1.0.5] startup
[30.357s] [ext: omni.hydra.rtx.shadercache.vulkan-1.0.0] startup
[30.361s] [ext: omni.index.libs-387500.4413.0] startup
[30.361s] [ext: omni.index-1.0.1] startup
[30.365s] [ext: omni.ujitso.client-0.0.0] startup
[30.366s] [ext: omni.usd.schema.playback-1.0.0] startup
[30.375s] [ext: omni.volume-0.5.2] startup
[30.399s] [ext: omni.hydra.rtx-1.0.4] startup
2026-09-24T02:12:55Z [30,345ms] [Warning] [omni.log] Source: omni.hydra was already registered.
[30.582s] [ext: omni.kit.hydra_texture-1.6.0] startup
[30.593s] [ext: omni.kit.raycast.query-1.2.0] startup
[30.604s] [ext: omni.kit.viewport.legacy_gizmos-1.0.24] startup
[30.611s] [ext: omni.kit.viewport.registry-104.0.6] startup
[30.613s] [ext: omni.kit.viewport.scene_camera_model-1.0.7] startup
[30.621s] [ext: omni.kit.widget.viewport-109.2.0] startup
[30.634s] [ext: omni.kit.window.drop_support-1.0.8] startup
[30.636s] [ext: omni.kit.viewport.window-109.0.2] startup
[30.678s] [ext: omni.kit.viewport.utility-2.0.1] startup
[30.681s] [ext: isaacsim.core.rendering_manager-0.4.3] startup
[30.720s] [ext: omni.graph.action_core-1.1.9] startup
[30.729s] [ext: omni.graph.action_nodes_core-2.11.0] startup
[30.738s] [ext: omni.graph.action_nodes-2.11.0] startup
[30.797s] [ext: omni.graph.action-2.10.2] startup
[30.800s] [ext: omni.graph.image.core-0.6.1] startup
[30.805s] [ext: omni.graph.image.nodes-1.3.1] startup
[30.809s] [ext: omni.graph.nodes_core-2.11.0] startup
[30.844s] [ext: omni.graph.nodes-2.12.0] startup
[30.871s] [ext: omni.kit.hotkeys.core-1.3.12] startup
[30.873s] [ext: omni.kit.property.adapter.core-1.1.1] startup
[30.886s] [ext: omni.kit.property.adapter.usd-1.0.5] startup
[30.891s] [ext: omni.kit.widget.filter-1.1.5] startup
[30.895s] [ext: omni.kit.widget.highlight_label-1.0.3] startup
[30.898s] [ext: omni.kit.widget.searchfield-1.1.8] startup
[30.904s] [ext: omni.kit.window.file_exporter-1.0.36] startup
[30.907s] [ext: omni.kit.widget.stage-4.4.0] startup
[30.939s] [ext: omni.kit.window.content_browser_registry-0.0.6] startup
[30.942s] [ext: omni.kit.window.file-2.0.10] startup
[30.952s] [ext: omni.kit.window.content_browser-3.1.8] startup
[30.973s] [ext: omni.kit.window.property-1.15.1] startup
[31.040s] [ext: omni.kit.property.usd-4.9.4] startup
[31.069s] [ext: omni.graph.scriptnode-2.10.2] startup
[31.096s] [ext: omni.kit.widget.searchable_combobox-1.0.7] startup
[31.101s] [ext: omni.kit.widget.settings-2.0.0] startup
[31.108s] [ext: omni.kit.window.preferences-1.8.3] startup
[31.130s] [ext: omni.kit.viewport.menubar.core-107.2.2] startup
[31.180s] [ext: omni.syntheticdata-0.6.15] startup
[31.247s] [ext: omni.replicator.nv-1.1.1] startup
[31.262s] [ext: omni.videoencoding-0.2.1] startup
[31.336s] [ext: omni.replicator.core-1.13.27] startup
2026-09-24T02:12:56Z [31,230ms] [Warning] [pxr.Semantics] pxr.Semantics is deprecated - please use Semantics instead
2026-09-24T02:12:56Z [31,628ms] [Warning] [omni.replicator.core.scripts.extension] No material configuration file, adding configuration to material settings directly.
[32.174s] [ext: isaacsim.core.nodes-5.10.5] startup
[32.275s] [ext: isaacsim.core.throttling-2.3.5] startup
[32.279s] [ext: omni.kit.manipulator.viewport-107.0.1] startup
[32.284s] [ext: omni.graph.visualization.nodes-2.1.4] startup
[32.334s] [ext: omni.kit.window.extensions-1.5.10] startup
[32.353s] [ext: isaacsim.gui.components-1.8.5] startup
[32.368s] [ext: isaacsim.robot.surface_gripper-3.6.2] startup
[32.405s] [ext: isaacsim.robot.manipulators-3.4.4] startup
[32.445s] [ext: isaacsim.robot_motion.lula-4.1.3] startup
[32.529s] [ext: isaacsim.robot_motion.motion_generation-8.2.9] startup
[32.556s] [ext: isaacsim.cortex.framework-1.0.18] startup
[32.561s] [ext: isaacsim.cortex.behaviors-2.0.17] startup
[32.568s] [ext: isaacsim.examples.base-1.3.2] startup
[32.574s] [ext: omni.kit.widget.zoombar-1.0.7] startup
[32.578s] [ext: omni.kit.browser.core-2.3.18] startup
[32.594s] [ext: omni.kit.browser.folder.core-2.0.2] startup
[32.613s] [ext: omni.kit.widget.stage_icons-1.0.8] startup
[32.616s] [ext: omni.kit.window.stage-2.6.1] startup
[32.626s] [ext: omni.kit.menu.stage-1.2.7] startup
[32.630s] [ext: omni.kit.usd.collect-3.0.6] startup
[32.639s] [ext: omni.kit.widget.prompt-1.0.7] startup
[32.643s] [ext: omni.kit.tool.collect-2.2.19] startup
[32.652s] [ext: isaacsim.examples.browser-0.3.2] startup
[32.661s] [ext: omni.kit.search.files-1.0.4] startup
[32.665s] [ext: omni.kit.widget.calendar-1.0.9] startup
[32.670s] [ext: omni.kit.widget.extended_searchfield-1.0.31] startup
[32.695s] [ext: omni.simready.content.browser-0.3.7] startup
[33.017s] [ext: isaacsim.gui.content_browser-0.4.3] startup
[33.025s] [ext: omni.kit.selection-0.1.6] startup
[33.029s] [ext: isaacsim.gui.menu-2.10.5] startup
[33.057s] [ext: isaacsim.gui.property-1.6.4] startup
[33.076s] [ext: omni.kit.viewport.actions-110.0.0] startup
[33.085s] [ext: omni.kit.viewport.menubar.display-107.1.3] startup
[33.090s] [ext: isaacsim.gui.sensors.icon-2.2.1] startup
[33.100s] [ext: omni.behavior.scripting.core-110.1.0] startup
[33.112s] [ext: isaacsim.replicator.behavior-1.5.4] startup
[33.115s] [ext: isaacsim.replicator.experimental.domain_randomization-1.2.5] startup
[33.194s] [ext: isaacsim.replicator.domain_randomization-1.2.2] startup
[33.330s] [ext: isaacsim.replicator.writers-1.5.4] startup
[33.415s] [ext: isaacsim.robot.experimental.wheeled_robots-0.2.11] startup
[33.478s] [ext: isaacsim.robot.policy.examples-5.2.12] startup
[33.540s] [ext: isaacsim.robot.wheeled_robots-5.2.4] startup
[33.555s] [ext: isaacsim.robot.wheeled_robots.nodes-0.1.5] startup
[33.655s] [ext: isaacsim.robot_motion.experimental.motion_generation-6.1.3] startup
[33.692s] [ext: isaacsim.robot_motion.cumotion-1.3.1] startup
[33.736s] [ext: omni.kit.numpy.common-0.1.3] startup
[33.740s] [ext: isaacsim.sensors.camera-1.7.9] startup
[33.824s] [ext: isaacsim.sensors.experimental.physics-3.0.2] startup
[33.851s] [ext: omni.sensors.net-1.0.1] startup
[33.863s] [ext: omni.sensors.nv.common-3.0.0] startup
[34.003s] [ext: omni.sensors.nv.materials-2.0.0] startup
[34.021s] [ext: omni.sensors.nv.acoustic-3.0.0] startup
[34.038s] [ext: omni.sensors.nv.ids-2.0.1] startup
[34.046s] [ext: omni.sensors.nv.lidar-3.0.0] startup
[34.064s] [ext: omni.sensors.nv.radar-3.0.0] startup
[34.080s] [ext: isaacsim.sensors.experimental.rtx-1.4.6] startup
[35.349s] [ext: isaacsim.sensors.physics.nodes-1.5.3] startup
[35.373s] [ext: isaacsim.util.debug_draw-3.2.3] startup
[35.399s] [ext: isaacsim.sensors.physx-2.5.5] startup
[35.422s] [ext: isaacsim.sensors.rtx-15.17.1] startup
[35.450s] [ext: isaacsim.simulation_app-2.18.4] startup
[35.451s] [ext: omni.anim.curve.core-1.6.0] startup
[35.480s] [ext: omni.graph.ui_nodes-2.11.1] startup
[35.587s] [ext: omni.hydra.scene_api-0.1.3] startup
[35.597s] [ext: omni.kit.manipulator.camera-110.0.0] startup
[35.609s] [ext: omni.kit.manipulator.selector-1.1.4] startup
[35.614s] [ext: omni.kit.manipulator.transform-107.0.0] startup
[35.628s] [ext: omni.kit.widget.toolbar-2.1.0] startup
[35.650s] [ext: omni.kit.manipulator.tool.snap-1.5.14] startup
[35.667s] [ext: omni.kit.viewport.manipulator.transform-107.0.4] startup
[35.674s] [ext: omni.kit.manipulator.prim.core-108.0.2] startup
[35.692s] [ext: omni.kit.manipulator.prim.usd-107.0.3] startup
[35.695s] [ext: omni.kit.manipulator.prim-108.0.0] startup
[35.695s] [ext: omni.kit.manipulator.selection-109.0.1] startup
[35.699s] [ext: omni.kit.menu.create-2.0.2] startup
[35.704s] [ext: omni.kit.property.audio-1.0.16] startup
[35.714s] [ext: omni.kit.property.camera-1.0.14] startup
[35.719s] [ext: omni.kit.property.geometry-2.1.2] startup
[35.729s] [ext: omni.kit.property.light-1.0.14] startup
2026-09-24T02:13:00Z [35,668ms] [Warning] [omni.usd] Encountered USD Warnings but USD Diagnostics are currently muted. To view USD Warnings, please set the '/persistent/app/usd/muteUsdDiagnostics' setting to false in Preferences page.
[35.831s] [ext: omni.kit.property.material-1.14.6] startup
[35.857s] [ext: omni.kit.property.render-1.2.2] startup
[35.861s] [ext: omni.kit.property.transform-1.6.9] startup
[35.871s] [ext: omni.kit.property.bundle-1.5.1] startup
[35.876s] [ext: omni.kit.usdz_export-1.1.0] startup
[35.883s] [ext: omni.kit.tool.asset_importer-6.0.1] startup
[35.901s] [ext: omni.kit.ui.actions-1.0.5] startup
[35.906s] [ext: omni.kit.viewport.menubar.camera-107.0.10] startup
[35.924s] [ext: omni.kit.viewport.menubar.lighting-107.3.2] startup
[35.933s] [ext: omni.kit.viewport.menubar.render-110.0.0] startup
[35.942s] [ext: omni.kit.viewport.menubar.settings-110.0.1] startup
[35.957s] [ext: omni.kit.window.console-1.1.9] startup
[35.971s] [ext: omni.kit.window.status_bar-0.1.11] startup
[35.977s] [ext: omni.kit.window.toolbar-3.0.3] startup
[35.982s] [ext: omni.ocio-0.1.1] startup
[35.985s] [ext: omni.physx.commands-110.1.13] startup
[35.992s] [ext: omni.replicator.replicator_yaml-2.0.12] startup
[36.027s] [ext: omni.rtx.window.settings-0.8.0] startup
[36.040s] [ext: omni.rtx.settings.core-0.7.1] startup
[36.052s] [ext: omni.usd.metrics.assembler.ui-110.1.1] startup
[36.069s] [ext: semantics.schema.editor-2.0.2] startup
[36.078s] [ext: semantics.schema.property-2.0.2] startup
[36.082s] [ext: omni.kit.menu.common-2.0.2] startup
[36.087s] [ext: isaacsim.exp.base-6.0.1] startup
[36.087s] [ext: isaacsim.exp.base.python-6.0.1] startup
[36.091s] Simulation App Starting
2026-09-24T02:13:01Z [36,719ms] [Warning] [omni.rtx] Trying to initialize NGX without vkGetInstanceProcAddr and vkGetDeviceProcAddr pointer-to-functions.
2026-09-24T02:13:01Z [36,720ms] [Error] [omni.rtx] Could not get NGX parameters block because NGX isn't enabled.
2026-09-24T02:13:01Z [36,721ms] [Error] [omni.rtx] Failed to create NGX context.
2026-09-24T02:13:01Z [36,721ms] [Warning] [carb.scenerenderer-rtx.plugin] Failed to create NGX context.
[163.542s] Simulation App Startup Complete
[163.557s] app ready
Starting kit application with the following args:  ['/isaac-sim/exts/isaacsim.simulation_app/isaacsim/simulation_app/simulation_app.py', '/isaac-sim/apps/isaacsim.exp.base.python.kit', '--/app/tokens/exe-path=/isaac-sim/kit', '--/persistent/app/viewport/displayOptions=3094', '--/rtx/materialDb/syncLoads=True', '--/rtx/hydra/materialSyncLoads=True', '--/omni/kit/plugin/syncUsdLoads=True', '--/app/renderer/resolution/width=1280', '--/app/renderer/resolution/height=720', '--/app/window/width=1440', '--/app/window/height=900', '--/renderer/multiGpu/enabled=True', '--/app/fastShutdown=True', '--/app/installSignalHandlers=0', '--ext-folder', '/isaac-sim/exts', '--ext-folder', '/isaac-sim/apps', '--/physics/cudaDevice=0', '--/plugins/carb.tasking.plugin/threadCount=32', '--/plugins/omni.tbb.globalcontrol/maxThreadCount=32', '--portable', '--no-window', '--/app/window/hideUi=1']
Passing the following args to the base kit application:  ['500']
Warp 1.13.0 initialized:
   CUDA Toolkit 12.9, Driver 13.2
   Devices:
     "cpu"      : "x86_64"
     "cuda:0"   : "NVIDIA A100-SXM4-80GB" (79 GiB, sm_80, mempool enabled)
   Kernel cache:
     /scratch/rpachgha/.cache/warp/1.13.0
[hocbf] using python implementation
==============================================================================
CRAZYFLIE 2.X ISOLATION A/B — 500 episodes/mode, paired, seed=42
single variable: CBF thrust projection ON vs OFF; controller, gains, attitude, randomization IDENTICAL across arms
randomization: start_z(0.8, 1.5), dive_vz(-3.5, -1.0), onset(0.5, 1.5), vz0(-1.0, 0.5), wind_N(0.0, 0.06), delay_steps(0, 10)
host=sg005 gpu=NVIDIA A100-SXM4-80GB slurm_job=63859934 | SIMULATION ONLY (no mass randomization — env has no set_mass)
==============================================================================
[setup] prim=/World/cf2  start_z=0.988
[setup] effective mass after MassAPI fix = 0.0270 kg (target 0.027)
[setup] stage children of cf2: ['body', 'propeller_ccw_back', 'propeller_ccw_front', 'propeller_cw_back', 'propeller_cw_front', 'collision_box']
[reset] z=1.401  vel_z=+0.0000  |omega|=0.0000
[reset] z=1.401  vel_z=+0.0000  |omega|=0.0000
[reset] z=1.115  vel_z=+0.0000  |omega|=0.0000
[reset] z=1.115  vel_z=+0.0000  |omega|=0.0000
[reset] z=0.959  vel_z=+0.0000  |omega|=0.0000
[reset] z=0.959  vel_z=+0.0000  |omega|=0.0000
[reset] z=1.479  vel_z=+0.0000  |omega|=0.0000
[reset] z=1.479  vel_z=+0.0000  |omega|=0.0000
[reset] z=0.908  vel_z=+0.0000  |omega|=0.0000
[reset] z=0.908  vel_z=+0.0000  |omega|=0.0000
[reset] z=0.933  vel_z=+0.0000  |omega|=0.0000
[reset] z=0.933  vel_z=+0.0000  |omega|=0.0000
[reset] z=1.383  vel_z=+0.0000  |omega|=0.0000
[reset] z=1.383  vel_z=+0.0000  |omega|=0.0000
[reset] z=1.278  vel_z=+0.0000  |omega|=0.0000
[reset] z=1.278  vel_z=+0.0000  |omega|=0.0000
[reset] z=1.294  vel_z=+0.0000  |omega|=0.0000
[reset] z=1.294  vel_z=+0.0000  |omega|=0.0000
[reset] z=1.130  vel_z=+0.0000  |omega|=0.0000
[reset] z=1.130  vel_z=+0.0000  |omega|=0.0000
[reset] z=1.013  vel_z=+0.0000  |omega|=0.0000
[reset] z=1.013  vel_z=+0.0000  |omega|=0.0000
[reset] z=0.841  vel_z=+0.0000  |omega|=0.0000
[reset] z=0.841  vel_z=+0.0000  |omega|=0.0000
  [  12/500] OFF surv=   0 ON surv=  12
[reset] z=1.265  vel_z=+0.0000  |omega|=0.0000
[reset] z=1.265  vel_z=+0.0000  |omega|=0.0000
[reset] z=1.123  vel_z=+0.0000  |omega|=0.0000
[reset] z=1.123  vel_z=+0.0000  |omega|=0.0000
[reset] z=1.067  vel_z=+0.0000  |omega|=0.0000
[reset] z=1.067  vel_z=+0.0000  |omega|=0.0000
[reset] z=1.436  vel_z=+0.0000  |omega|=0.0000
[reset] z=1.436  vel_z=+0.0000  |omega|=0.0000
[reset] z=1.115  vel_z=+0.0000  |omega|=0.0000
[reset] z=1.115  vel_z=+0.0000  |omega|=0.0000
[reset] z=1.205  vel_z=+0.0000  |omega|=0.0000
[reset] z=1.205  vel_z=+0.0000  |omega|=0.0000
[reset] z=1.239  vel_z=+0.0000  |omega|=0.0000
[reset] z=1.239  vel_z=+0.0000  |omega|=0.0000
[reset] z=1.031  vel_z=+0.0000  |omega|=0.0000
[reset] z=1.031  vel_z=+0.0000  |omega|=0.0000
[reset] z=1.207  vel_z=+0.0000  |omega|=0.0000
[reset] z=1.207  vel_z=+0.0000  |omega|=0.0000
[reset] z=0.858  vel_z=+0.0000  |omega|=0.0000
[reset] z=0.858  vel_z=+0.0000  |omega|=0.0000
[reset] z=0.987  vel_z=+0.0000  |omega|=0.0000
[reset] z=0.987  vel_z=+0.0000  |omega|=0.0000
[reset] z=0.898  vel_z=+0.0000  |omega|=0.0000
[reset] z=0.898  vel_z=+0.0000  |omega|=0.0000
  [  24/500] OFF surv=   0 ON surv=  24
[reset] z=1.309  vel_z=+0.0000  |omega|=0.0000
[reset] z=1.309  vel_z=+0.0000  |omega|=0.0000
[reset] z=1.060  vel_z=+0.0000  |omega|=0.0000
[reset] z=1.060  vel_z=+0.0000  |omega|=0.0000
[reset] z=1.161  vel_z=+0.0000  |omega|=0.0000
[reset] z=1.161  vel_z=+0.0000  |omega|=0.0000
[reset] z=1.424  vel_z=+0.0000  |omega|=0.0000
[reset] z=1.424  vel_z=+0.0000  |omega|=0.0000
[reset] z=1.340  vel_z=+0.0000  |omega|=0.0000
[reset] z=1.340  vel_z=+0.0000  |omega|=0.0000
[reset] z=0.969  vel_z=+0.0000  |omega|=0.0000
[reset] z=0.969  vel_z=+0.0000  |omega|=0.0000
[reset] z=1.412  vel_z=+0.0000  |omega|=0.0000
[reset] z=1.412  vel_z=+0.0000  |omega|=0.0000
[reset] z=0.810  vel_z=+0.0000  |omega|=0.0000
[reset] z=0.810  vel_z=+0.0000  |omega|=0.0000
[reset] z=1.286  vel_z=+0.0000  |omega|=0.0000
[reset] z=1.286  vel_z=+0.0000  |omega|=0.0000
[reset] z=0.887  vel_z=+0.0000  |omega|=0.0000
[reset] z=0.887  vel_z=+0.0000  |omega|=0.0000
[reset] z=1.469  vel_z=+0.0000  |omega|=0.0000
[reset] z=1.469  vel_z=+0.0000  |omega|=0.0000
[reset] z=0.898  vel_z=+0.0000  |omega|=0.0000
[reset] z=0.898  vel_z=+0.0000  |omega|=0.0000
  [  36/500] OFF surv=   0 ON surv=  36
[reset] z=1.127  vel_z=+0.0000  |omega|=0.0000
[reset] z=1.127  vel_z=+0.0000  |omega|=0.0000
[reset] z=1.172  vel_z=+0.0000  |omega|=0.0000
[reset] z=1.172  vel_z=+0.0000  |omega|=0.0000
[reset] z=1.098  vel_z=+0.0000  |omega|=0.0000
[reset] z=1.098  vel_z=+0.0000  |omega|=0.0000
[reset] z=1.372  vel_z=+0.0000  |omega|=0.0000
[reset] z=1.372  vel_z=+0.0000  |omega|=0.0000
[reset] z=1.017  vel_z=+0.0000  |omega|=0.0000
[reset] z=1.017  vel_z=+0.0000  |omega|=0.0000
[reset] z=0.815  vel_z=+0.0000  |omega|=0.0000
[reset] z=0.815  vel_z=+0.0000  |omega|=0.0000
[reset] z=1.076  vel_z=+0.0000  |omega|=0.0000
[reset] z=1.076  vel_z=+0.0000  |omega|=0.0000
[reset] z=0.966  vel_z=+0.0000  |omega|=0.0000
[reset] z=0.966  vel_z=+0.0000  |omega|=0.0000
[reset] z=1.167  vel_z=+0.0000  |omega|=0.0000
[reset] z=1.167  vel_z=+0.0000  |omega|=0.0000
[reset] z=1.432  vel_z=+0.0000  |omega|=0.0000
[reset] z=1.432  vel_z=+0.0000  |omega|=0.0000
[reset] z=0.894  vel_z=+0.0000  |omega|=0.0000
[reset] z=0.894  vel_z=+0.0000  |omega|=0.0000
[reset] z=0.987  vel_z=+0.0000  |omega|=0.0000
[reset] z=0.987  vel_z=+0.0000  |omega|=0.0000
  [  48/500] OFF surv=   0 ON surv=  48
[reset] z=1.056  vel_z=+0.0000  |omega|=0.0000
[reset] z=1.056  vel_z=+0.0000  |omega|=0.0000
[reset] z=1.137  vel_z=+0.0000  |omega|=0.0000
[reset] z=1.137  vel_z=+0.0000  |omega|=0.0000
[reset] z=1.173  vel_z=+0.0000  |omega|=0.0000
[reset] z=1.173  vel_z=+0.0000  |omega|=0.0000
[reset] z=0.892  vel_z=+0.0000  |omega|=0.0000
[reset] z=0.892  vel_z=+0.0000  |omega|=0.0000
[reset] z=0.896  vel_z=+0.0000  |omega|=0.0000
[reset] z=0.896  vel_z=+0.0000  |omega|=0.0000
[reset] z=0.977  vel_z=+0.0000  |omega|=0.0000
[reset] z=0.977  vel_z=+0.0000  |omega|=0.0000
[reset] z=1.201  vel_z=+0.0000  |omega|=0.0000
[reset] z=1.201  vel_z=+0.0000  |omega|=0.0000
[reset] z=1.452  vel_z=+0.0000  |omega|=0.0000
[reset] z=1.452  vel_z=+0.0000  |omega|=0.0000
[reset] z=1.342  vel_z=+0.0000  |omega|=0.0000
[reset] z=1.342  vel_z=+0.0000  |omega|=0.0000
[reset] z=1.020  vel_z=+0.0000  |omega|=0.0000
[reset] z=1.020  vel_z=+0.0000  |omega|=0.0000
[reset] z=1.311  vel_z=+0.0000  |omega|=0.0000
[reset] z=1.311  vel_z=+0.0000  |omega|=0.0000
[reset] z=1.302  vel_z=+0.0000  |omega|=0.0000
[reset] z=1.302  vel_z=+0.0000  |omega|=0.0000
  [  60/500] OFF surv=   0 ON surv=  60
[reset] z=1.212  vel_z=+0.0000  |omega|=0.0000
[reset] z=1.212  vel_z=+0.0000  |omega|=0.0000
[reset] z=1.110  vel_z=+0.0000  |omega|=0.0000
[reset] z=1.110  vel_z=+0.0000  |omega|=0.0000
[reset] z=1.415  vel_z=+0.0000  |omega|=0.0000
[reset] z=1.415  vel_z=+0.0000  |omega|=0.0000
[reset] z=0.863  vel_z=+0.0000  |omega|=0.0000
[reset] z=0.863  vel_z=+0.0000  |omega|=0.0000
[reset] z=0.939  vel_z=+0.0000  |omega|=0.0000
[reset] z=0.939  vel_z=+0.0000  |omega|=0.0000
[reset] z=1.361  vel_z=+0.0000  |omega|=0.0000
[reset] z=1.361  vel_z=+0.0000  |omega|=0.0000
[reset] z=1.340  vel_z=+0.0000  |omega|=0.0000
[reset] z=1.340  vel_z=+0.0000  |omega|=0.0000
[reset] z=1.322  vel_z=+0.0000  |omega|=0.0000
[reset] z=1.322  vel_z=+0.0000  |omega|=0.0000
[reset] z=0.990  vel_z=+0.0000  |omega|=0.0000
[reset] z=0.990  vel_z=+0.0000  |omega|=0.0000
[reset] z=1.419  vel_z=+0.0000  |omega|=0.0000
[reset] z=1.419  vel_z=+0.0000  |omega|=0.0000
[reset] z=1.121  vel_z=+0.0000  |omega|=0.0000
[reset] z=1.121  vel_z=+0.0000  |omega|=0.0000
[reset] z=1.205  vel_z=+0.0000  |omega|=0.0000
[reset] z=1.205  vel_z=+0.0000  |omega|=0.0000
  [  72/500] OFF surv=   0 ON surv=  72
[reset] z=1.083  vel_z=+0.0000  |omega|=0.0000
[reset] z=1.083  vel_z=+0.0000  |omega|=0.0000
[reset] z=1.228  vel_z=+0.0000  |omega|=0.0000
[reset] z=1.228  vel_z=+0.0000  |omega|=0.0000
[reset] z=1.022  vel_z=+0.0000  |omega|=0.0000
[reset] z=1.022  vel_z=+0.0000  |omega|=0.0000
[reset] z=1.291  vel_z=+0.0000  |omega|=0.0000
[reset] z=1.291  vel_z=+0.0000  |omega|=0.0000
[reset] z=1.102  vel_z=+0.0000  |omega|=0.0000
[reset] z=1.102  vel_z=+0.0000  |omega|=0.0000
[reset] z=1.153  vel_z=+0.0000  |omega|=0.0000
[reset] z=1.153  vel_z=+0.0000  |omega|=0.0000
[reset] z=0.881  vel_z=+0.0000  |omega|=0.0000
[reset] z=0.881  vel_z=+0.0000  |omega|=0.0000
[reset] z=1.020  vel_z=+0.0000  |omega|=0.0000
[reset] z=1.020  vel_z=+0.0000  |omega|=0.0000
[reset] z=0.908  vel_z=+0.0000  |omega|=0.0000
[reset] z=0.908  vel_z=+0.0000  |omega|=0.0000
[reset] z=1.018  vel_z=+0.0000  |omega|=0.0000
[reset] z=1.018  vel_z=+0.0000  |omega|=0.0000
[reset] z=0.946  vel_z=+0.0000  |omega|=0.0000
[reset] z=0.946  vel_z=+0.0000  |omega|=0.0000
[reset] z=1.387  vel_z=+0.0000  |omega|=0.0000
[reset] z=1.387  vel_z=+0.0000  |omega|=0.0000
  [  84/500] OFF surv=   0 ON surv=  84
[reset] z=1.329  vel_z=+0.0000  |omega|=0.0000
[reset] z=1.329  vel_z=+0.0000  |omega|=0.0000
[reset] z=0.963  vel_z=+0.0000  |omega|=0.0000
[reset] z=0.963  vel_z=+0.0000  |omega|=0.0000
[reset] z=0.971  vel_z=+0.0000  |omega|=0.0000
[reset] z=0.971  vel_z=+0.0000  |omega|=0.0000
[reset] z=1.057  vel_z=+0.0000  |omega|=0.0000
[reset] z=1.057  vel_z=+0.0000  |omega|=0.0000
[reset] z=1.396  vel_z=+0.0000  |omega|=0.0000
[reset] z=1.396  vel_z=+0.0000  |omega|=0.0000
[reset] z=1.172  vel_z=+0.0000  |omega|=0.0000
[reset] z=1.172  vel_z=+0.0000  |omega|=0.0000
[reset] z=1.037  vel_z=+0.0000  |omega|=0.0000
[reset] z=1.037  vel_z=+0.0000  |omega|=0.0000
[reset] z=0.805  vel_z=+0.0000  |omega|=0.0000
[reset] z=0.805  vel_z=+0.0000  |omega|=0.0000
[reset] z=1.134  vel_z=+0.0000  |omega|=0.0000
[reset] z=1.134  vel_z=+0.0000  |omega|=0.0000
[reset] z=0.880  vel_z=+0.0000  |omega|=0.0000
[reset] z=0.880  vel_z=+0.0000  |omega|=0.0000
[reset] z=1.489  vel_z=+0.0000  |omega|=0.0000
[reset] z=1.489  vel_z=+0.0000  |omega|=0.0000
[reset] z=1.344  vel_z=+0.0000  |omega|=0.0000
[reset] z=1.344  vel_z=+0.0000  |omega|=0.0000
  [  96/500] OFF surv=   0 ON surv=  96
[reset] z=1.356  vel_z=+0.0000  |omega|=0.0000
[reset] z=1.356  vel_z=+0.0000  |omega|=0.0000
[reset] z=1.061  vel_z=+0.0000  |omega|=0.0000
[reset] z=1.061  vel_z=+0.0000  |omega|=0.0000
[reset] z=1.406  vel_z=+0.0000  |omega|=0.0000
[reset] z=1.406  vel_z=+0.0000  |omega|=0.0000
[reset] z=0.803  vel_z=+0.0000  |omega|=0.0000
[reset] z=0.803  vel_z=+0.0000  |omega|=0.0000
[reset] z=1.270  vel_z=+0.0000  |omega|=0.0000
[reset] z=1.270  vel_z=+0.0000  |omega|=0.0000
[reset] z=1.078  vel_z=+0.0000  |omega|=0.0000
[reset] z=1.078  vel_z=+0.0000  |omega|=0.0000
[reset] z=1.302  vel_z=+0.0000  |omega|=0.0000
[reset] z=1.302  vel_z=+0.0000  |omega|=0.0000
[reset] z=1.498  vel_z=+0.0000  |omega|=0.0000
[reset] z=1.498  vel_z=+0.0000  |omega|=0.0000
[reset] z=0.894  vel_z=+0.0000  |omega|=0.0000
[reset] z=0.894  vel_z=+0.0000  |omega|=0.0000
[reset] z=1.040  vel_z=+0.0000  |omega|=0.0000
[reset] z=1.040  vel_z=+0.0000  |omega|=0.0000
[reset] z=1.428  vel_z=+0.0000  |omega|=0.0000
[reset] z=1.428  vel_z=+0.0000  |omega|=0.0000
[reset] z=1.257  vel_z=+0.0000  |omega|=0.0000
[reset] z=1.257  vel_z=+0.0000  |omega|=0.0000
  [ 108/500] OFF surv=   0 ON surv= 108
[reset] z=0.998  vel_z=+0.0000  |omega|=0.0000
[reset] z=0.998  vel_z=+0.0000  |omega|=0.0000
[reset] z=1.272  vel_z=+0.0000  |omega|=0.0000
[reset] z=1.272  vel_z=+0.0000  |omega|=0.0000
[reset] z=0.871  vel_z=+0.0000  |omega|=0.0000
[reset] z=0.871  vel_z=+0.0000  |omega|=0.0000
[reset] z=0.872  vel_z=+0.0000  |omega|=0.0000
[reset] z=0.872  vel_z=+0.0000  |omega|=0.0000
[reset] z=1.019  vel_z=+0.0000  |omega|=0.0000
[reset] z=1.019  vel_z=+0.0000  |omega|=0.0000
[reset] z=1.011  vel_z=+0.0000  |omega|=0.0000
[reset] z=1.011  vel_z=+0.0000  |omega|=0.0000
[reset] z=0.801  vel_z=+0.0000  |omega|=0.0000
[reset] z=0.801  vel_z=+0.0000  |omega|=0.0000
[reset] z=0.982  vel_z=+0.0000  |omega|=0.0000
[reset] z=0.982  vel_z=+0.0000  |omega|=0.0000
[reset] z=1.032  vel_z=+0.0000  |omega|=0.0000
[reset] z=1.032  vel_z=+0.0000  |omega|=0.0000
[reset] z=0.897  vel_z=+0.0000  |omega|=0.0000
[reset] z=0.897  vel_z=+0.0000  |omega|=0.0000
[reset] z=1.234  vel_z=+0.0000  |omega|=0.0000
[reset] z=1.234  vel_z=+0.0000  |omega|=0.0000
[reset] z=1.233  vel_z=+0.0000  |omega|=0.0000
[reset] z=1.233  vel_z=+0.0000  |omega|=0.0000
  [ 120/500] OFF surv=   0 ON surv= 120
[reset] z=1.118  vel_z=+0.0000  |omega|=0.0000
[reset] z=1.118  vel_z=+0.0000  |omega|=0.0000
[reset] z=1.221  vel_z=+0.0000  |omega|=0.0000
[reset] z=1.221  vel_z=+0.0000  |omega|=0.0000
[reset] z=1.043  vel_z=+0.0000  |omega|=0.0000
[reset] z=1.043  vel_z=+0.0000  |omega|=0.0000
[reset] z=1.423  vel_z=+0.0000  |omega|=0.0000
[reset] z=1.423  vel_z=+0.0000  |omega|=0.0000
[reset] z=1.155  vel_z=+0.0000  |omega|=0.0000
[reset] z=1.155  vel_z=+0.0000  |omega|=0.0000
[reset] z=1.428  vel_z=+0.0000  |omega|=0.0000
[reset] z=1.428  vel_z=+0.0000  |omega|=0.0000
[reset] z=1.216  vel_z=+0.0000  |omega|=0.0000
[reset] z=1.216  vel_z=+0.0000  |omega|=0.0000
[reset] z=1.412  vel_z=+0.0000  |omega|=0.0000
[reset] z=1.412  vel_z=+0.0000  |omega|=0.0000
[reset] z=1.308  vel_z=+0.0000  |omega|=0.0000
[reset] z=1.308  vel_z=+0.0000  |omega|=0.0000
[reset] z=1.357  vel_z=+0.0000  |omega|=0.0000
[reset] z=1.357  vel_z=+0.0000  |omega|=0.0000
[reset] z=1.278  vel_z=+0.0000  |omega|=0.0000
[reset] z=1.278  vel_z=+0.0000  |omega|=0.0000
[reset] z=0.949  vel_z=+0.0000  |omega|=0.0000
[reset] z=0.949  vel_z=+0.0000  |omega|=0.0000
  [ 132/500] OFF surv=   0 ON surv= 132
[reset] z=1.319  vel_z=+0.0000  |omega|=0.0000
[reset] z=1.319  vel_z=+0.0000  |omega|=0.0000
[reset] z=1.359  vel_z=+0.0000  |omega|=0.0000
[reset] z=1.359  vel_z=+0.0000  |omega|=0.0000
[reset] z=1.064  vel_z=+0.0000  |omega|=0.0000
[reset] z=1.064  vel_z=+0.0000  |omega|=0.0000
[reset] z=1.086  vel_z=+0.0000  |omega|=0.0000
[reset] z=1.086  vel_z=+0.0000  |omega|=0.0000
[reset] z=1.076  vel_z=+0.0000  |omega|=0.0000
[reset] z=1.076  vel_z=+0.0000  |omega|=0.0000
[reset] z=0.869  vel_z=+0.0000  |omega|=0.0000
[reset] z=0.869  vel_z=+0.0000  |omega|=0.0000
[reset] z=1.165  vel_z=+0.0000  |omega|=0.0000
[reset] z=1.165  vel_z=+0.0000  |omega|=0.0000
[reset] z=1.147  vel_z=+0.0000  |omega|=0.0000
[reset] z=1.147  vel_z=+0.0000  |omega|=0.0000
[reset] z=1.431  vel_z=+0.0000  |omega|=0.0000
[reset] z=1.431  vel_z=+0.0000  |omega|=0.0000
[reset] z=1.187  vel_z=+0.0000  |omega|=0.0000
[reset] z=1.187  vel_z=+0.0000  |omega|=0.0000
[reset] z=0.977  vel_z=+0.0000  |omega|=0.0000
[reset] z=0.977  vel_z=+0.0000  |omega|=0.0000
[reset] z=1.083  vel_z=+0.0000  |omega|=0.0000
[reset] z=1.083  vel_z=+0.0000  |omega|=0.0000
  [ 144/500] OFF surv=   0 ON surv= 144
[reset] z=1.427  vel_z=+0.0000  |omega|=0.0000
[reset] z=1.427  vel_z=+0.0000  |omega|=0.0000
[reset] z=0.972  vel_z=+0.0000  |omega|=0.0000
[reset] z=0.972  vel_z=+0.0000  |omega|=0.0000
[reset] z=0.974  vel_z=+0.0000  |omega|=0.0000
[reset] z=0.974  vel_z=+0.0000  |omega|=0.0000
[reset] z=1.143  vel_z=+0.0000  |omega|=0.0000
[reset] z=1.143  vel_z=+0.0000  |omega|=0.0000
[reset] z=1.467  vel_z=+0.0000  |omega|=0.0000
[reset] z=1.467  vel_z=+0.0000  |omega|=0.0000
[reset] z=0.821  vel_z=+0.0000  |omega|=0.0000
[reset] z=0.821  vel_z=+0.0000  |omega|=0.0000
[reset] z=1.080  vel_z=+0.0000  |omega|=0.0000
[reset] z=1.080  vel_z=+0.0000  |omega|=0.0000
[reset] z=0.907  vel_z=+0.0000  |omega|=0.0000
[reset] z=0.907  vel_z=+0.0000  |omega|=0.0000
[reset] z=1.236  vel_z=+0.0000  |omega|=0.0000
[reset] z=1.236  vel_z=+0.0000  |omega|=0.0000
[reset] z=0.802  vel_z=+0.0000  |omega|=0.0000
[reset] z=0.802  vel_z=+0.0000  |omega|=0.0000
[reset] z=0.907  vel_z=+0.0000  |omega|=0.0000
[reset] z=0.907  vel_z=+0.0000  |omega|=0.0000
[reset] z=1.262  vel_z=+0.0000  |omega|=0.0000
[reset] z=1.262  vel_z=+0.0000  |omega|=0.0000
  [ 156/500] OFF surv=   0 ON surv= 156
[reset] z=1.275  vel_z=+0.0000  |omega|=0.0000
[reset] z=1.275  vel_z=+0.0000  |omega|=0.0000
[reset] z=1.172  vel_z=+0.0000  |omega|=0.0000
[reset] z=1.172  vel_z=+0.0000  |omega|=0.0000
[reset] z=1.082  vel_z=+0.0000  |omega|=0.0000
[reset] z=1.082  vel_z=+0.0000  |omega|=0.0000
[reset] z=1.040  vel_z=+0.0000  |omega|=0.0000
[reset] z=1.040  vel_z=+0.0000  |omega|=0.0000
[reset] z=1.259  vel_z=+0.0000  |omega|=0.0000
[reset] z=1.259  vel_z=+0.0000  |omega|=0.0000
[reset] z=0.973  vel_z=+0.0000  |omega|=0.0000
[reset] z=0.973  vel_z=+0.0000  |omega|=0.0000
[reset] z=1.272  vel_z=+0.0000  |omega|=0.0000
[reset] z=1.272  vel_z=+0.0000  |omega|=0.0000
[reset] z=0.979  vel_z=+0.0000  |omega|=0.0000
[reset] z=0.979  vel_z=+0.0000  |omega|=0.0000
[reset] z=0.816  vel_z=+0.0000  |omega|=0.0000
[reset] z=0.816  vel_z=+0.0000  |omega|=0.0000
[reset] z=1.026  vel_z=+0.0000  |omega|=0.0000
[reset] z=1.026  vel_z=+0.0000  |omega|=0.0000
[reset] z=1.439  vel_z=+0.0000  |omega|=0.0000
[reset] z=1.439  vel_z=+0.0000  |omega|=0.0000
[reset] z=1.136  vel_z=+0.0000  |omega|=0.0000
[reset] z=1.136  vel_z=+0.0000  |omega|=0.0000
  [ 168/500] OFF surv=   0 ON surv= 168
[reset] z=1.210  vel_z=+0.0000  |omega|=0.0000
[reset] z=1.210  vel_z=+0.0000  |omega|=0.0000
[reset] z=1.035  vel_z=+0.0000  |omega|=0.0000
[reset] z=1.035  vel_z=+0.0000  |omega|=0.0000
[reset] z=1.073  vel_z=+0.0000  |omega|=0.0000
[reset] z=1.073  vel_z=+0.0000  |omega|=0.0000
[reset] z=1.487  vel_z=+0.0000  |omega|=0.0000
[reset] z=1.487  vel_z=+0.0000  |omega|=0.0000
[reset] z=1.264  vel_z=+0.0000  |omega|=0.0000
[reset] z=1.264  vel_z=+0.0000  |omega|=0.0000
[reset] z=1.280  vel_z=+0.0000  |omega|=0.0000
[reset] z=1.280  vel_z=+0.0000  |omega|=0.0000
[reset] z=1.309  vel_z=+0.0000  |omega|=0.0000
[reset] z=1.309  vel_z=+0.0000  |omega|=0.0000
[reset] z=1.047  vel_z=+0.0000  |omega|=0.0000
[reset] z=1.047  vel_z=+0.0000  |omega|=0.0000
[reset] z=1.324  vel_z=+0.0000  |omega|=0.0000
[reset] z=1.324  vel_z=+0.0000  |omega|=0.0000
[reset] z=0.907  vel_z=+0.0000  |omega|=0.0000
[reset] z=0.907  vel_z=+0.0000  |omega|=0.0000
[reset] z=1.342  vel_z=+0.0000  |omega|=0.0000
[reset] z=1.342  vel_z=+0.0000  |omega|=0.0000
[reset] z=1.376  vel_z=+0.0000  |omega|=0.0000
[reset] z=1.376  vel_z=+0.0000  |omega|=0.0000
  [ 180/500] OFF surv=   0 ON surv= 180
[reset] z=0.980  vel_z=+0.0000  |omega|=0.0000
[reset] z=0.980  vel_z=+0.0000  |omega|=0.0000
[reset] z=0.946  vel_z=+0.0000  |omega|=0.0000
[reset] z=0.946  vel_z=+0.0000  |omega|=0.0000
[reset] z=1.376  vel_z=+0.0000  |omega|=0.0000
[reset] z=1.376  vel_z=+0.0000  |omega|=0.0000
[reset] z=1.413  vel_z=+0.0000  |omega|=0.0000
[reset] z=1.413  vel_z=+0.0000  |omega|=0.0000
[reset] z=1.002  vel_z=+0.0000  |omega|=0.0000
[reset] z=1.002  vel_z=+0.0000  |omega|=0.0000
[reset] z=0.835  vel_z=+0.0000  |omega|=0.0000
[reset] z=0.835  vel_z=+0.0000  |omega|=0.0000
[reset] z=1.379  vel_z=+0.0000  |omega|=0.0000
[reset] z=1.379  vel_z=+0.0000  |omega|=0.0000
[reset] z=1.274  vel_z=+0.0000  |omega|=0.0000
[reset] z=1.274  vel_z=+0.0000  |omega|=0.0000
[reset] z=0.920  vel_z=+0.0000  |omega|=0.0000
[reset] z=0.920  vel_z=+0.0000  |omega|=0.0000
[reset] z=1.210  vel_z=+0.0000  |omega|=0.0000
[reset] z=1.210  vel_z=+0.0000  |omega|=0.0000
[reset] z=1.096  vel_z=+0.0000  |omega|=0.0000
[reset] z=1.096  vel_z=+0.0000  |omega|=0.0000
[reset] z=1.050  vel_z=+0.0000  |omega|=0.0000
[reset] z=1.050  vel_z=+0.0000  |omega|=0.0000
  [ 192/500] OFF surv=   0 ON surv= 192
[reset] z=0.870  vel_z=+0.0000  |omega|=0.0000
[reset] z=0.870  vel_z=+0.0000  |omega|=0.0000
[reset] z=1.374  vel_z=+0.0000  |omega|=0.0000
[reset] z=1.374  vel_z=+0.0000  |omega|=0.0000
[reset] z=1.464  vel_z=+0.0000  |omega|=0.0000
[reset] z=1.464  vel_z=+0.0000  |omega|=0.0000
[reset] z=1.480  vel_z=+0.0000  |omega|=0.0000
[reset] z=1.480  vel_z=+0.0000  |omega|=0.0000
[reset] z=0.935  vel_z=+0.0000  |omega|=0.0000
[reset] z=0.935  vel_z=+0.0000  |omega|=0.0000
[reset] z=1.243  vel_z=+0.0000  |omega|=0.0000
[reset] z=1.243  vel_z=+0.0000  |omega|=0.0000
[reset] z=1.198  vel_z=+0.0000  |omega|=0.0000
[reset] z=1.198  vel_z=+0.0000  |omega|=0.0000
[reset] z=0.866  vel_z=+0.0000  |omega|=0.0000
[reset] z=0.866  vel_z=+0.0000  |omega|=0.0000
[reset] z=1.329  vel_z=+0.0000  |omega|=0.0000
[reset] z=1.329  vel_z=+0.0000  |omega|=0.0000
[reset] z=1.462  vel_z=+0.0000  |omega|=0.0000
[reset] z=1.462  vel_z=+0.0000  |omega|=0.0000
[reset] z=1.276  vel_z=+0.0000  |omega|=0.0000
[reset] z=1.276  vel_z=+0.0000  |omega|=0.0000
[reset] z=0.804  vel_z=+0.0000  |omega|=0.0000
[reset] z=0.804  vel_z=+0.0000  |omega|=0.0000
  [ 204/500] OFF surv=   0 ON surv= 204
[reset] z=0.989  vel_z=+0.0000  |omega|=0.0000
[reset] z=0.989  vel_z=+0.0000  |omega|=0.0000
[reset] z=1.399  vel_z=+0.0000  |omega|=0.0000
[reset] z=1.399  vel_z=+0.0000  |omega|=0.0000
[reset] z=1.368  vel_z=+0.0000  |omega|=0.0000
[reset] z=1.368  vel_z=+0.0000  |omega|=0.0000
[reset] z=1.092  vel_z=+0.0000  |omega|=0.0000
[reset] z=1.092  vel_z=+0.0000  |omega|=0.0000
[reset] z=1.412  vel_z=+0.0000  |omega|=0.0000
[reset] z=1.412  vel_z=+0.0000  |omega|=0.0000
[reset] z=1.064  vel_z=+0.0000  |omega|=0.0000
[reset] z=1.064  vel_z=+0.0000  |omega|=0.0000
[reset] z=0.898  vel_z=+0.0000  |omega|=0.0000
[reset] z=0.898  vel_z=+0.0000  |omega|=0.0000
[reset] z=1.482  vel_z=+0.0000  |omega|=0.0000
[reset] z=1.482  vel_z=+0.0000  |omega|=0.0000
[reset] z=1.102  vel_z=+0.0000  |omega|=0.0000
[reset] z=1.102  vel_z=+0.0000  |omega|=0.0000
[reset] z=1.011  vel_z=+0.0000  |omega|=0.0000
[reset] z=1.011  vel_z=+0.0000  |omega|=0.0000
[reset] z=0.842  vel_z=+0.0000  |omega|=0.0000
[reset] z=0.842  vel_z=+0.0000  |omega|=0.0000
[reset] z=1.112  vel_z=+0.0000  |omega|=0.0000
[reset] z=1.112  vel_z=+0.0000  |omega|=0.0000
  [ 216/500] OFF surv=   0 ON surv= 216
[reset] z=1.475  vel_z=+0.0000  |omega|=0.0000
[reset] z=1.475  vel_z=+0.0000  |omega|=0.0000
[reset] z=1.460  vel_z=+0.0000  |omega|=0.0000
[reset] z=1.460  vel_z=+0.0000  |omega|=0.0000
[reset] z=1.480  vel_z=+0.0000  |omega|=0.0000
[reset] z=1.480  vel_z=+0.0000  |omega|=0.0000
[reset] z=0.863  vel_z=+0.0000  |omega|=0.0000
[reset] z=0.863  vel_z=+0.0000  |omega|=0.0000
[reset] z=0.825  vel_z=+0.0000  |omega|=0.0000
[reset] z=0.825  vel_z=+0.0000  |omega|=0.0000
[reset] z=1.484  vel_z=+0.0000  |omega|=0.0000
[reset] z=1.484  vel_z=+0.0000  |omega|=0.0000
[reset] z=1.198  vel_z=+0.0000  |omega|=0.0000
[reset] z=1.198  vel_z=+0.0000  |omega|=0.0000
[reset] z=1.405  vel_z=+0.0000  |omega|=0.0000
[reset] z=1.405  vel_z=+0.0000  |omega|=0.0000
[reset] z=1.462  vel_z=+0.0000  |omega|=0.0000
[reset] z=1.462  vel_z=+0.0000  |omega|=0.0000
[reset] z=1.271  vel_z=+0.0000  |omega|=0.0000
[reset] z=1.271  vel_z=+0.0000  |omega|=0.0000
[reset] z=0.932  vel_z=+0.0000  |omega|=0.0000
[reset] z=0.932  vel_z=+0.0000  |omega|=0.0000
[reset] z=1.140  vel_z=+0.0000  |omega|=0.0000
[reset] z=1.140  vel_z=+0.0000  |omega|=0.0000
  [ 228/500] OFF surv=   0 ON surv= 228
[reset] z=1.246  vel_z=+0.0000  |omega|=0.0000
[reset] z=1.246  vel_z=+0.0000  |omega|=0.0000
[reset] z=1.376  vel_z=+0.0000  |omega|=0.0000
[reset] z=1.376  vel_z=+0.0000  |omega|=0.0000
[reset] z=1.242  vel_z=+0.0000  |omega|=0.0000
[reset] z=1.242  vel_z=+0.0000  |omega|=0.0000
[reset] z=1.368  vel_z=+0.0000  |omega|=0.0000
[reset] z=1.368  vel_z=+0.0000  |omega|=0.0000
[reset] z=0.892  vel_z=+0.0000  |omega|=0.0000
[reset] z=0.892  vel_z=+0.0000  |omega|=0.0000
[reset] z=1.469  vel_z=+0.0000  |omega|=0.0000
[reset] z=1.469  vel_z=+0.0000  |omega|=0.0000
[reset] z=1.332  vel_z=+0.0000  |omega|=0.0000
[reset] z=1.332  vel_z=+0.0000  |omega|=0.0000
[reset] z=1.016  vel_z=+0.0000  |omega|=0.0000
[reset] z=1.016  vel_z=+0.0000  |omega|=0.0000
[reset] z=1.348  vel_z=+0.0000  |omega|=0.0000
[reset] z=1.348  vel_z=+0.0000  |omega|=0.0000
[reset] z=0.923  vel_z=+0.0000  |omega|=0.0000
[reset] z=0.923  vel_z=+0.0000  |omega|=0.0000
[reset] z=0.991  vel_z=+0.0000  |omega|=0.0000
[reset] z=0.991  vel_z=+0.0000  |omega|=0.0000
[reset] z=1.451  vel_z=+0.0000  |omega|=0.0000
[reset] z=1.451  vel_z=+0.0000  |omega|=0.0000
  [ 240/500] OFF surv=   0 ON surv= 240
[reset] z=1.423  vel_z=+0.0000  |omega|=0.0000
[reset] z=1.423  vel_z=+0.0000  |omega|=0.0000
[reset] z=1.146  vel_z=+0.0000  |omega|=0.0000
[reset] z=1.146  vel_z=+0.0000  |omega|=0.0000
[reset] z=0.958  vel_z=+0.0000  |omega|=0.0000
[reset] z=0.958  vel_z=+0.0000  |omega|=0.0000
[reset] z=1.081  vel_z=+0.0000  |omega|=0.0000
[reset] z=1.081  vel_z=+0.0000  |omega|=0.0000
[reset] z=1.007  vel_z=+0.0000  |omega|=0.0000
[reset] z=1.007  vel_z=+0.0000  |omega|=0.0000
[reset] z=1.277  vel_z=+0.0000  |omega|=0.0000
[reset] z=1.277  vel_z=+0.0000  |omega|=0.0000
[reset] z=0.898  vel_z=+0.0000  |omega|=0.0000
[reset] z=0.898  vel_z=+0.0000  |omega|=0.0000
[reset] z=1.101  vel_z=+0.0000  |omega|=0.0000
[reset] z=1.101  vel_z=+0.0000  |omega|=0.0000
[reset] z=1.385  vel_z=+0.0000  |omega|=0.0000
[reset] z=1.385  vel_z=+0.0000  |omega|=0.0000
[reset] z=1.163  vel_z=+0.0000  |omega|=0.0000
[reset] z=1.163  vel_z=+0.0000  |omega|=0.0000
[reset] z=0.932  vel_z=+0.0000  |omega|=0.0000
[reset] z=0.932  vel_z=+0.0000  |omega|=0.0000
[reset] z=1.488  vel_z=+0.0000  |omega|=0.0000
[reset] z=1.488  vel_z=+0.0000  |omega|=0.0000
  [ 252/500] OFF surv=   0 ON surv= 252
[reset] z=1.328  vel_z=+0.0000  |omega|=0.0000
[reset] z=1.328  vel_z=+0.0000  |omega|=0.0000
[reset] z=1.357  vel_z=+0.0000  |omega|=0.0000
[reset] z=1.357  vel_z=+0.0000  |omega|=0.0000
[reset] z=0.895  vel_z=+0.0000  |omega|=0.0000
[reset] z=0.895  vel_z=+0.0000  |omega|=0.0000
[reset] z=0.913  vel_z=+0.0000  |omega|=0.0000
[reset] z=0.913  vel_z=+0.0000  |omega|=0.0000
[reset] z=1.394  vel_z=+0.0000  |omega|=0.0000
[reset] z=1.394  vel_z=+0.0000  |omega|=0.0000
[reset] z=0.890  vel_z=+0.0000  |omega|=0.0000
[reset] z=0.890  vel_z=+0.0000  |omega|=0.0000
[reset] z=1.169  vel_z=+0.0000  |omega|=0.0000
[reset] z=1.169  vel_z=+0.0000  |omega|=0.0000
[reset] z=1.152  vel_z=+0.0000  |omega|=0.0000
[reset] z=1.152  vel_z=+0.0000  |omega|=0.0000
[reset] z=0.973  vel_z=+0.0000  |omega|=0.0000
[reset] z=0.973  vel_z=+0.0000  |omega|=0.0000
[reset] z=1.305  vel_z=+0.0000  |omega|=0.0000
[reset] z=1.305  vel_z=+0.0000  |omega|=0.0000
[reset] z=1.491  vel_z=+0.0000  |omega|=0.0000
[reset] z=1.491  vel_z=+0.0000  |omega|=0.0000
[reset] z=1.486  vel_z=+0.0000  |omega|=0.0000
[reset] z=1.486  vel_z=+0.0000  |omega|=0.0000
  [ 264/500] OFF surv=   0 ON surv= 264
[reset] z=1.261  vel_z=+0.0000  |omega|=0.0000
[reset] z=1.261  vel_z=+0.0000  |omega|=0.0000
[reset] z=0.839  vel_z=+0.0000  |omega|=0.0000
[reset] z=0.839  vel_z=+0.0000  |omega|=0.0000
[reset] z=0.836  vel_z=+0.0000  |omega|=0.0000
[reset] z=0.836  vel_z=+0.0000  |omega|=0.0000
[reset] z=1.172  vel_z=+0.0000  |omega|=0.0000
[reset] z=1.172  vel_z=+0.0000  |omega|=0.0000
[reset] z=1.297  vel_z=+0.0000  |omega|=0.0000
[reset] z=1.297  vel_z=+0.0000  |omega|=0.0000
[reset] z=0.941  vel_z=+0.0000  |omega|=0.0000
[reset] z=0.941  vel_z=+0.0000  |omega|=0.0000
[reset] z=1.481  vel_z=+0.0000  |omega|=0.0000
[reset] z=1.481  vel_z=+0.0000  |omega|=0.0000
[reset] z=0.884  vel_z=+0.0000  |omega|=0.0000
[reset] z=0.884  vel_z=+0.0000  |omega|=0.0000
[reset] z=1.206  vel_z=+0.0000  |omega|=0.0000
[reset] z=1.206  vel_z=+0.0000  |omega|=0.0000
[reset] z=1.113  vel_z=+0.0000  |omega|=0.0000
[reset] z=1.113  vel_z=+0.0000  |omega|=0.0000
[reset] z=0.907  vel_z=+0.0000  |omega|=0.0000
[reset] z=0.907  vel_z=+0.0000  |omega|=0.0000
[reset] z=1.336  vel_z=+0.0000  |omega|=0.0000
[reset] z=1.336  vel_z=+0.0000  |omega|=0.0000
  [ 276/500] OFF surv=   0 ON surv= 276
[reset] z=1.198  vel_z=+0.0000  |omega|=0.0000
[reset] z=1.198  vel_z=+0.0000  |omega|=0.0000
[reset] z=1.285  vel_z=+0.0000  |omega|=0.0000
[reset] z=1.285  vel_z=+0.0000  |omega|=0.0000
[reset] z=0.861  vel_z=+0.0000  |omega|=0.0000
[reset] z=0.861  vel_z=+0.0000  |omega|=0.0000
[reset] z=1.332  vel_z=+0.0000  |omega|=0.0000
[reset] z=1.332  vel_z=+0.0000  |omega|=0.0000
[reset] z=1.170  vel_z=+0.0000  |omega|=0.0000
[reset] z=1.170  vel_z=+0.0000  |omega|=0.0000
[reset] z=1.145  vel_z=+0.0000  |omega|=0.0000
[reset] z=1.145  vel_z=+0.0000  |omega|=0.0000
[reset] z=0.867  vel_z=+0.0000  |omega|=0.0000
[reset] z=0.867  vel_z=+0.0000  |omega|=0.0000
[reset] z=0.908  vel_z=+0.0000  |omega|=0.0000
[reset] z=0.908  vel_z=+0.0000  |omega|=0.0000
[reset] z=1.089  vel_z=+0.0000  |omega|=0.0000
[reset] z=1.089  vel_z=+0.0000  |omega|=0.0000
[reset] z=1.499  vel_z=+0.0000  |omega|=0.0000
[reset] z=1.499  vel_z=+0.0000  |omega|=0.0000
[reset] z=1.495  vel_z=+0.0000  |omega|=0.0000
[reset] z=1.495  vel_z=+0.0000  |omega|=0.0000
[reset] z=1.170  vel_z=+0.0000  |omega|=0.0000
[reset] z=1.170  vel_z=+0.0000  |omega|=0.0000
  [ 288/500] OFF surv=   0 ON surv= 288
[reset] z=1.434  vel_z=+0.0000  |omega|=0.0000
[reset] z=1.434  vel_z=+0.0000  |omega|=0.0000
[reset] z=1.246  vel_z=+0.0000  |omega|=0.0000
[reset] z=1.246  vel_z=+0.0000  |omega|=0.0000
[reset] z=0.932  vel_z=+0.0000  |omega|=0.0000
[reset] z=0.932  vel_z=+0.0000  |omega|=0.0000
[reset] z=1.021  vel_z=+0.0000  |omega|=0.0000
[reset] z=1.021  vel_z=+0.0000  |omega|=0.0000
[reset] z=1.207  vel_z=+0.0000  |omega|=0.0000
[reset] z=1.207  vel_z=+0.0000  |omega|=0.0000
[reset] z=0.850  vel_z=+0.0000  |omega|=0.0000
[reset] z=0.850  vel_z=+0.0000  |omega|=0.0000
[reset] z=1.185  vel_z=+0.0000  |omega|=0.0000
[reset] z=1.185  vel_z=+0.0000  |omega|=0.0000
[reset] z=1.146  vel_z=+0.0000  |omega|=0.0000
[reset] z=1.146  vel_z=+0.0000  |omega|=0.0000
[reset] z=1.047  vel_z=+0.0000  |omega|=0.0000
[reset] z=1.047  vel_z=+0.0000  |omega|=0.0000
[reset] z=1.367  vel_z=+0.0000  |omega|=0.0000
[reset] z=1.367  vel_z=+0.0000  |omega|=0.0000
[reset] z=0.830  vel_z=+0.0000  |omega|=0.0000
[reset] z=0.830  vel_z=+0.0000  |omega|=0.0000
[reset] z=0.941  vel_z=+0.0000  |omega|=0.0000
[reset] z=0.941  vel_z=+0.0000  |omega|=0.0000
  [ 300/500] OFF surv=   0 ON surv= 300
[reset] z=1.334  vel_z=+0.0000  |omega|=0.0000
[reset] z=1.334  vel_z=+0.0000  |omega|=0.0000
[reset] z=1.230  vel_z=+0.0000  |omega|=0.0000
[reset] z=1.230  vel_z=+0.0000  |omega|=0.0000
[reset] z=0.853  vel_z=+0.0000  |omega|=0.0000
[reset] z=0.853  vel_z=+0.0000  |omega|=0.0000
[reset] z=1.313  vel_z=+0.0000  |omega|=0.0000
[reset] z=1.313  vel_z=+0.0000  |omega|=0.0000
[reset] z=1.314  vel_z=+0.0000  |omega|=0.0000
[reset] z=1.314  vel_z=+0.0000  |omega|=0.0000
[reset] z=1.449  vel_z=+0.0000  |omega|=0.0000
[reset] z=1.449  vel_z=+0.0000  |omega|=0.0000
[reset] z=1.272  vel_z=+0.0000  |omega|=0.0000
[reset] z=1.272  vel_z=+0.0000  |omega|=0.0000
[reset] z=1.392  vel_z=+0.0000  |omega|=0.0000
[reset] z=1.392  vel_z=+0.0000  |omega|=0.0000
[reset] z=0.881  vel_z=+0.0000  |omega|=0.0000
[reset] z=0.881  vel_z=+0.0000  |omega|=0.0000
[reset] z=1.001  vel_z=+0.0000  |omega|=0.0000
[reset] z=1.001  vel_z=+0.0000  |omega|=0.0000
[reset] z=0.822  vel_z=+0.0000  |omega|=0.0000
[reset] z=0.822  vel_z=+0.0000  |omega|=0.0000
[reset] z=1.120  vel_z=+0.0000  |omega|=0.0000
[reset] z=1.120  vel_z=+0.0000  |omega|=0.0000
  [ 312/500] OFF surv=   0 ON surv= 312
[reset] z=0.815  vel_z=+0.0000  |omega|=0.0000
[reset] z=0.815  vel_z=+0.0000  |omega|=0.0000
[reset] z=0.816  vel_z=+0.0000  |omega|=0.0000
[reset] z=0.816  vel_z=+0.0000  |omega|=0.0000
[reset] z=1.450  vel_z=+0.0000  |omega|=0.0000
[reset] z=1.450  vel_z=+0.0000  |omega|=0.0000
[reset] z=1.491  vel_z=+0.0000  |omega|=0.0000
[reset] z=1.491  vel_z=+0.0000  |omega|=0.0000
[reset] z=1.485  vel_z=+0.0000  |omega|=0.0000
[reset] z=1.485  vel_z=+0.0000  |omega|=0.0000
[reset] z=0.863  vel_z=+0.0000  |omega|=0.0000
[reset] z=0.863  vel_z=+0.0000  |omega|=0.0000
[reset] z=1.153  vel_z=+0.0000  |omega|=0.0000
[reset] z=1.153  vel_z=+0.0000  |omega|=0.0000
[reset] z=1.484  vel_z=+0.0000  |omega|=0.0000
[reset] z=1.484  vel_z=+0.0000  |omega|=0.0000
[reset] z=1.276  vel_z=+0.0000  |omega|=0.0000
[reset] z=1.276  vel_z=+0.0000  |omega|=0.0000
[reset] z=1.127  vel_z=+0.0000  |omega|=0.0000
[reset] z=1.127  vel_z=+0.0000  |omega|=0.0000
[reset] z=1.040  vel_z=+0.0000  |omega|=0.0000
[reset] z=1.040  vel_z=+0.0000  |omega|=0.0000
[reset] z=1.365  vel_z=+0.0000  |omega|=0.0000
[reset] z=1.365  vel_z=+0.0000  |omega|=0.0000
  [ 324/500] OFF surv=   0 ON surv= 324
[reset] z=1.039  vel_z=+0.0000  |omega|=0.0000
[reset] z=1.039  vel_z=+0.0000  |omega|=0.0000
[reset] z=1.449  vel_z=+0.0000  |omega|=0.0000
[reset] z=1.449  vel_z=+0.0000  |omega|=0.0000
[reset] z=0.823  vel_z=+0.0000  |omega|=0.0000
[reset] z=0.823  vel_z=+0.0000  |omega|=0.0000
[reset] z=0.863  vel_z=+0.0000  |omega|=0.0000
[reset] z=0.863  vel_z=+0.0000  |omega|=0.0000
[reset] z=1.153  vel_z=+0.0000  |omega|=0.0000
[reset] z=1.153  vel_z=+0.0000  |omega|=0.0000
[reset] z=1.104  vel_z=+0.0000  |omega|=0.0000
[reset] z=1.104  vel_z=+0.0000  |omega|=0.0000
[reset] z=1.496  vel_z=+0.0000  |omega|=0.0000
[reset] z=1.496  vel_z=+0.0000  |omega|=0.0000
[reset] z=1.222  vel_z=+0.0000  |omega|=0.0000
[reset] z=1.222  vel_z=+0.0000  |omega|=0.0000
[reset] z=1.114  vel_z=+0.0000  |omega|=0.0000
[reset] z=1.114  vel_z=+0.0000  |omega|=0.0000
[reset] z=1.098  vel_z=+0.0000  |omega|=0.0000
[reset] z=1.098  vel_z=+0.0000  |omega|=0.0000
[reset] z=0.906  vel_z=+0.0000  |omega|=0.0000
[reset] z=0.906  vel_z=+0.0000  |omega|=0.0000
[reset] z=1.349  vel_z=+0.0000  |omega|=0.0000
[reset] z=1.349  vel_z=+0.0000  |omega|=0.0000
  [ 336/500] OFF surv=   0 ON surv= 336
[reset] z=1.373  vel_z=+0.0000  |omega|=0.0000
[reset] z=1.373  vel_z=+0.0000  |omega|=0.0000
[reset] z=0.841  vel_z=+0.0000  |omega|=0.0000
[reset] z=0.841  vel_z=+0.0000  |omega|=0.0000
[reset] z=1.264  vel_z=+0.0000  |omega|=0.0000
[reset] z=1.264  vel_z=+0.0000  |omega|=0.0000
[reset] z=1.303  vel_z=+0.0000  |omega|=0.0000
[reset] z=1.303  vel_z=+0.0000  |omega|=0.0000
[reset] z=1.411  vel_z=+0.0000  |omega|=0.0000
[reset] z=1.411  vel_z=+0.0000  |omega|=0.0000
[reset] z=1.020  vel_z=+0.0000  |omega|=0.0000
[reset] z=1.020  vel_z=+0.0000  |omega|=0.0000
[reset] z=0.977  vel_z=+0.0000  |omega|=0.0000
[reset] z=0.977  vel_z=+0.0000  |omega|=0.0000
[reset] z=0.866  vel_z=+0.0000  |omega|=0.0000
[reset] z=0.866  vel_z=+0.0000  |omega|=0.0000
[reset] z=1.058  vel_z=+0.0000  |omega|=0.0000
[reset] z=1.058  vel_z=+0.0000  |omega|=0.0000
[reset] z=0.938  vel_z=+0.0000  |omega|=0.0000
[reset] z=0.938  vel_z=+0.0000  |omega|=0.0000
[reset] z=1.340  vel_z=+0.0000  |omega|=0.0000
[reset] z=1.340  vel_z=+0.0000  |omega|=0.0000
[reset] z=0.841  vel_z=+0.0000  |omega|=0.0000
[reset] z=0.841  vel_z=+0.0000  |omega|=0.0000
  [ 348/500] OFF surv=   0 ON surv= 348
[reset] z=1.193  vel_z=+0.0000  |omega|=0.0000
[reset] z=1.193  vel_z=+0.0000  |omega|=0.0000
[reset] z=1.229  vel_z=+0.0000  |omega|=0.0000
[reset] z=1.229  vel_z=+0.0000  |omega|=0.0000
[reset] z=0.951  vel_z=+0.0000  |omega|=0.0000
[reset] z=0.951  vel_z=+0.0000  |omega|=0.0000
[reset] z=0.943  vel_z=+0.0000  |omega|=0.0000
[reset] z=0.943  vel_z=+0.0000  |omega|=0.0000
[reset] z=1.480  vel_z=+0.0000  |omega|=0.0000
[reset] z=1.480  vel_z=+0.0000  |omega|=0.0000
[reset] z=0.830  vel_z=+0.0000  |omega|=0.0000
[reset] z=0.830  vel_z=+0.0000  |omega|=0.0000
[reset] z=1.140  vel_z=+0.0000  |omega|=0.0000
[reset] z=1.140  vel_z=+0.0000  |omega|=0.0000
[reset] z=1.497  vel_z=+0.0000  |omega|=0.0000
[reset] z=1.497  vel_z=+0.0000  |omega|=0.0000
[reset] z=0.922  vel_z=+0.0000  |omega|=0.0000
[reset] z=0.922  vel_z=+0.0000  |omega|=0.0000
[reset] z=0.856  vel_z=+0.0000  |omega|=0.0000
[reset] z=0.856  vel_z=+0.0000  |omega|=0.0000
[reset] z=1.149  vel_z=+0.0000  |omega|=0.0000
[reset] z=1.149  vel_z=+0.0000  |omega|=0.0000
[reset] z=1.408  vel_z=+0.0000  |omega|=0.0000
[reset] z=1.408  vel_z=+0.0000  |omega|=0.0000
  [ 360/500] OFF surv=   0 ON surv= 360
[reset] z=1.310  vel_z=+0.0000  |omega|=0.0000
[reset] z=1.310  vel_z=+0.0000  |omega|=0.0000
[reset] z=0.817  vel_z=+0.0000  |omega|=0.0000
[reset] z=0.817  vel_z=+0.0000  |omega|=0.0000
[reset] z=1.357  vel_z=+0.0000  |omega|=0.0000
[reset] z=1.357  vel_z=+0.0000  |omega|=0.0000
[reset] z=1.134  vel_z=+0.0000  |omega|=0.0000
[reset] z=1.134  vel_z=+0.0000  |omega|=0.0000
[reset] z=1.057  vel_z=+0.0000  |omega|=0.0000
[reset] z=1.057  vel_z=+0.0000  |omega|=0.0000
[reset] z=0.905  vel_z=+0.0000  |omega|=0.0000
[reset] z=0.905  vel_z=+0.0000  |omega|=0.0000
[reset] z=0.966  vel_z=+0.0000  |omega|=0.0000
[reset] z=0.966  vel_z=+0.0000  |omega|=0.0000
[reset] z=1.324  vel_z=+0.0000  |omega|=0.0000
[reset] z=1.324  vel_z=+0.0000  |omega|=0.0000
[reset] z=1.217  vel_z=+0.0000  |omega|=0.0000
[reset] z=1.217  vel_z=+0.0000  |omega|=0.0000
[reset] z=1.355  vel_z=+0.0000  |omega|=0.0000
[reset] z=1.355  vel_z=+0.0000  |omega|=0.0000
[reset] z=1.008  vel_z=+0.0000  |omega|=0.0000
[reset] z=1.008  vel_z=+0.0000  |omega|=0.0000
[reset] z=1.141  vel_z=+0.0000  |omega|=0.0000
[reset] z=1.141  vel_z=+0.0000  |omega|=0.0000
  [ 372/500] OFF surv=   0 ON surv= 372
[reset] z=0.887  vel_z=+0.0000  |omega|=0.0000
[reset] z=0.887  vel_z=+0.0000  |omega|=0.0000
[reset] z=1.284  vel_z=+0.0000  |omega|=0.0000
[reset] z=1.284  vel_z=+0.0000  |omega|=0.0000
[reset] z=1.026  vel_z=+0.0000  |omega|=0.0000
[reset] z=1.026  vel_z=+0.0000  |omega|=0.0000
[reset] z=1.498  vel_z=+0.0000  |omega|=0.0000
[reset] z=1.498  vel_z=+0.0000  |omega|=0.0000
[reset] z=0.834  vel_z=+0.0000  |omega|=0.0000
[reset] z=0.834  vel_z=+0.0000  |omega|=0.0000
[reset] z=1.353  vel_z=+0.0000  |omega|=0.0000
[reset] z=1.353  vel_z=+0.0000  |omega|=0.0000
[reset] z=1.169  vel_z=+0.0000  |omega|=0.0000
[reset] z=1.169  vel_z=+0.0000  |omega|=0.0000
[reset] z=1.379  vel_z=+0.0000  |omega|=0.0000
[reset] z=1.379  vel_z=+0.0000  |omega|=0.0000
[reset] z=1.306  vel_z=+0.0000  |omega|=0.0000
[reset] z=1.306  vel_z=+0.0000  |omega|=0.0000
[reset] z=1.461  vel_z=+0.0000  |omega|=0.0000
[reset] z=1.461  vel_z=+0.0000  |omega|=0.0000
[reset] z=1.068  vel_z=+0.0000  |omega|=0.0000
[reset] z=1.068  vel_z=+0.0000  |omega|=0.0000
[reset] z=0.836  vel_z=+0.0000  |omega|=0.0000
[reset] z=0.836  vel_z=+0.0000  |omega|=0.0000
  [ 384/500] OFF surv=   0 ON surv= 384
[reset] z=1.374  vel_z=+0.0000  |omega|=0.0000
[reset] z=1.374  vel_z=+0.0000  |omega|=0.0000
[reset] z=0.837  vel_z=+0.0000  |omega|=0.0000
[reset] z=0.837  vel_z=+0.0000  |omega|=0.0000
[reset] z=1.094  vel_z=+0.0000  |omega|=0.0000
[reset] z=1.094  vel_z=+0.0000  |omega|=0.0000
[reset] z=1.184  vel_z=+0.0000  |omega|=0.0000
[reset] z=1.184  vel_z=+0.0000  |omega|=0.0000
[reset] z=1.439  vel_z=+0.0000  |omega|=0.0000
[reset] z=1.439  vel_z=+0.0000  |omega|=0.0000
[reset] z=1.247  vel_z=+0.0000  |omega|=0.0000
[reset] z=1.247  vel_z=+0.0000  |omega|=0.0000
[reset] z=1.064  vel_z=+0.0000  |omega|=0.0000
[reset] z=1.064  vel_z=+0.0000  |omega|=0.0000
[reset] z=1.169  vel_z=+0.0000  |omega|=0.0000
[reset] z=1.169  vel_z=+0.0000  |omega|=0.0000
[reset] z=1.180  vel_z=+0.0000  |omega|=0.0000
[reset] z=1.180  vel_z=+0.0000  |omega|=0.0000
[reset] z=0.984  vel_z=+0.0000  |omega|=0.0000
[reset] z=0.984  vel_z=+0.0000  |omega|=0.0000
[reset] z=1.162  vel_z=+0.0000  |omega|=0.0000
[reset] z=1.162  vel_z=+0.0000  |omega|=0.0000
[reset] z=0.811  vel_z=+0.0000  |omega|=0.0000
[reset] z=0.811  vel_z=+0.0000  |omega|=0.0000
  [ 396/500] OFF surv=   0 ON surv= 396
[reset] z=1.288  vel_z=+0.0000  |omega|=0.0000
[reset] z=1.288  vel_z=+0.0000  |omega|=0.0000
[reset] z=0.936  vel_z=+0.0000  |omega|=0.0000
[reset] z=0.936  vel_z=+0.0000  |omega|=0.0000
[reset] z=1.082  vel_z=+0.0000  |omega|=0.0000
[reset] z=1.082  vel_z=+0.0000  |omega|=0.0000
[reset] z=0.862  vel_z=+0.0000  |omega|=0.0000
[reset] z=0.862  vel_z=+0.0000  |omega|=0.0000
[reset] z=1.120  vel_z=+0.0000  |omega|=0.0000
[reset] z=1.120  vel_z=+0.0000  |omega|=0.0000
[reset] z=1.046  vel_z=+0.0000  |omega|=0.0000
[reset] z=1.046  vel_z=+0.0000  |omega|=0.0000
[reset] z=1.146  vel_z=+0.0000  |omega|=0.0000
[reset] z=1.146  vel_z=+0.0000  |omega|=0.0000
[reset] z=0.960  vel_z=+0.0000  |omega|=0.0000
[reset] z=0.960  vel_z=+0.0000  |omega|=0.0000
[reset] z=1.002  vel_z=+0.0000  |omega|=0.0000
[reset] z=1.002  vel_z=+0.0000  |omega|=0.0000
[reset] z=1.100  vel_z=+0.0000  |omega|=0.0000
[reset] z=1.100  vel_z=+0.0000  |omega|=0.0000
[reset] z=1.332  vel_z=+0.0000  |omega|=0.0000
[reset] z=1.332  vel_z=+0.0000  |omega|=0.0000
[reset] z=1.265  vel_z=+0.0000  |omega|=0.0000
[reset] z=1.265  vel_z=+0.0000  |omega|=0.0000
  [ 408/500] OFF surv=   0 ON surv= 408
[reset] z=1.117  vel_z=+0.0000  |omega|=0.0000
[reset] z=1.117  vel_z=+0.0000  |omega|=0.0000
[reset] z=1.078  vel_z=+0.0000  |omega|=0.0000
[reset] z=1.078  vel_z=+0.0000  |omega|=0.0000
[reset] z=0.849  vel_z=+0.0000  |omega|=0.0000
[reset] z=0.849  vel_z=+0.0000  |omega|=0.0000
[reset] z=1.207  vel_z=+0.0000  |omega|=0.0000
[reset] z=1.207  vel_z=+0.0000  |omega|=0.0000
[reset] z=1.360  vel_z=+0.0000  |omega|=0.0000
[reset] z=1.360  vel_z=+0.0000  |omega|=0.0000
[reset] z=1.270  vel_z=+0.0000  |omega|=0.0000
[reset] z=1.270  vel_z=+0.0000  |omega|=0.0000
[reset] z=1.491  vel_z=+0.0000  |omega|=0.0000
[reset] z=1.491  vel_z=+0.0000  |omega|=0.0000
[reset] z=1.282  vel_z=+0.0000  |omega|=0.0000
[reset] z=1.282  vel_z=+0.0000  |omega|=0.0000
[reset] z=1.425  vel_z=+0.0000  |omega|=0.0000
[reset] z=1.425  vel_z=+0.0000  |omega|=0.0000
[reset] z=0.898  vel_z=+0.0000  |omega|=0.0000
[reset] z=0.898  vel_z=+0.0000  |omega|=0.0000
[reset] z=1.190  vel_z=+0.0000  |omega|=0.0000
[reset] z=1.190  vel_z=+0.0000  |omega|=0.0000
[reset] z=1.349  vel_z=+0.0000  |omega|=0.0000
[reset] z=1.349  vel_z=+0.0000  |omega|=0.0000
  [ 420/500] OFF surv=   0 ON surv= 420
[reset] z=1.189  vel_z=+0.0000  |omega|=0.0000
[reset] z=1.189  vel_z=+0.0000  |omega|=0.0000
[reset] z=1.203  vel_z=+0.0000  |omega|=0.0000
[reset] z=1.203  vel_z=+0.0000  |omega|=0.0000
[reset] z=1.348  vel_z=+0.0000  |omega|=0.0000
[reset] z=1.348  vel_z=+0.0000  |omega|=0.0000
[reset] z=1.386  vel_z=+0.0000  |omega|=0.0000
[reset] z=1.386  vel_z=+0.0000  |omega|=0.0000
[reset] z=1.272  vel_z=+0.0000  |omega|=0.0000
[reset] z=1.272  vel_z=+0.0000  |omega|=0.0000
[reset] z=1.461  vel_z=+0.0000  |omega|=0.0000
[reset] z=1.461  vel_z=+0.0000  |omega|=0.0000
[reset] z=1.360  vel_z=+0.0000  |omega|=0.0000
[reset] z=1.360  vel_z=+0.0000  |omega|=0.0000
[reset] z=0.982  vel_z=+0.0000  |omega|=0.0000
[reset] z=0.982  vel_z=+0.0000  |omega|=0.0000
[reset] z=0.952  vel_z=+0.0000  |omega|=0.0000
[reset] z=0.952  vel_z=+0.0000  |omega|=0.0000
[reset] z=0.853  vel_z=+0.0000  |omega|=0.0000
[reset] z=0.853  vel_z=+0.0000  |omega|=0.0000
[reset] z=1.047  vel_z=+0.0000  |omega|=0.0000
[reset] z=1.047  vel_z=+0.0000  |omega|=0.0000
[reset] z=0.883  vel_z=+0.0000  |omega|=0.0000
[reset] z=0.883  vel_z=+0.0000  |omega|=0.0000
  [ 432/500] OFF surv=   0 ON surv= 432
[reset] z=0.831  vel_z=+0.0000  |omega|=0.0000
[reset] z=0.831  vel_z=+0.0000  |omega|=0.0000
[reset] z=1.218  vel_z=+0.0000  |omega|=0.0000
[reset] z=1.218  vel_z=+0.0000  |omega|=0.0000
[reset] z=1.469  vel_z=+0.0000  |omega|=0.0000
[reset] z=1.469  vel_z=+0.0000  |omega|=0.0000
[reset] z=0.955  vel_z=+0.0000  |omega|=0.0000
[reset] z=0.955  vel_z=+0.0000  |omega|=0.0000
[reset] z=1.255  vel_z=+0.0000  |omega|=0.0000
[reset] z=1.255  vel_z=+0.0000  |omega|=0.0000
[reset] z=0.972  vel_z=+0.0000  |omega|=0.0000
[reset] z=0.972  vel_z=+0.0000  |omega|=0.0000
[reset] z=1.064  vel_z=+0.0000  |omega|=0.0000
[reset] z=1.064  vel_z=+0.0000  |omega|=0.0000
[reset] z=1.263  vel_z=+0.0000  |omega|=0.0000
[reset] z=1.263  vel_z=+0.0000  |omega|=0.0000
[reset] z=1.022  vel_z=+0.0000  |omega|=0.0000
[reset] z=1.022  vel_z=+0.0000  |omega|=0.0000
[reset] z=0.825  vel_z=+0.0000  |omega|=0.0000
[reset] z=0.825  vel_z=+0.0000  |omega|=0.0000
[reset] z=0.952  vel_z=+0.0000  |omega|=0.0000
[reset] z=0.952  vel_z=+0.0000  |omega|=0.0000
[reset] z=1.185  vel_z=+0.0000  |omega|=0.0000
[reset] z=1.185  vel_z=+0.0000  |omega|=0.0000
  [ 444/500] OFF surv=   0 ON surv= 444
[reset] z=0.876  vel_z=+0.0000  |omega|=0.0000
[reset] z=0.876  vel_z=+0.0000  |omega|=0.0000
[reset] z=0.862  vel_z=+0.0000  |omega|=0.0000
[reset] z=0.862  vel_z=+0.0000  |omega|=0.0000
[reset] z=1.452  vel_z=+0.0000  |omega|=0.0000
[reset] z=1.452  vel_z=+0.0000  |omega|=0.0000
[reset] z=1.446  vel_z=+0.0000  |omega|=0.0000
[reset] z=1.446  vel_z=+0.0000  |omega|=0.0000
[reset] z=1.119  vel_z=+0.0000  |omega|=0.0000
[reset] z=1.119  vel_z=+0.0000  |omega|=0.0000
[reset] z=0.805  vel_z=+0.0000  |omega|=0.0000
[reset] z=0.805  vel_z=+0.0000  |omega|=0.0000
[reset] z=1.212  vel_z=+0.0000  |omega|=0.0000
[reset] z=1.212  vel_z=+0.0000  |omega|=0.0000
[reset] z=1.267  vel_z=+0.0000  |omega|=0.0000
[reset] z=1.267  vel_z=+0.0000  |omega|=0.0000
[reset] z=1.491  vel_z=+0.0000  |omega|=0.0000
[reset] z=1.491  vel_z=+0.0000  |omega|=0.0000
[reset] z=1.359  vel_z=+0.0000  |omega|=0.0000
[reset] z=1.359  vel_z=+0.0000  |omega|=0.0000
[reset] z=1.439  vel_z=+0.0000  |omega|=0.0000
[reset] z=1.439  vel_z=+0.0000  |omega|=0.0000
[reset] z=1.358  vel_z=+0.0000  |omega|=0.0000
[reset] z=1.358  vel_z=+0.0000  |omega|=0.0000
  [ 456/500] OFF surv=   0 ON surv= 456
[reset] z=1.024  vel_z=+0.0000  |omega|=0.0000
[reset] z=1.024  vel_z=+0.0000  |omega|=0.0000
[reset] z=1.451  vel_z=+0.0000  |omega|=0.0000
[reset] z=1.451  vel_z=+0.0000  |omega|=0.0000
[reset] z=1.413  vel_z=+0.0000  |omega|=0.0000
[reset] z=1.413  vel_z=+0.0000  |omega|=0.0000
[reset] z=0.842  vel_z=+0.0000  |omega|=0.0000
[reset] z=0.842  vel_z=+0.0000  |omega|=0.0000
[reset] z=1.017  vel_z=+0.0000  |omega|=0.0000
[reset] z=1.017  vel_z=+0.0000  |omega|=0.0000
[reset] z=0.869  vel_z=+0.0000  |omega|=0.0000
[reset] z=0.869  vel_z=+0.0000  |omega|=0.0000
[reset] z=1.342  vel_z=+0.0000  |omega|=0.0000
[reset] z=1.342  vel_z=+0.0000  |omega|=0.0000
[reset] z=1.333  vel_z=+0.0000  |omega|=0.0000
[reset] z=1.333  vel_z=+0.0000  |omega|=0.0000
[reset] z=1.028  vel_z=+0.0000  |omega|=0.0000
[reset] z=1.028  vel_z=+0.0000  |omega|=0.0000
[reset] z=0.899  vel_z=+0.0000  |omega|=0.0000
[reset] z=0.899  vel_z=+0.0000  |omega|=0.0000
[reset] z=0.845  vel_z=+0.0000  |omega|=0.0000
[reset] z=0.845  vel_z=+0.0000  |omega|=0.0000
[reset] z=0.929  vel_z=+0.0000  |omega|=0.0000
[reset] z=0.929  vel_z=+0.0000  |omega|=0.0000
  [ 468/500] OFF surv=   0 ON surv= 468
[reset] z=1.325  vel_z=+0.0000  |omega|=0.0000
[reset] z=1.325  vel_z=+0.0000  |omega|=0.0000
[reset] z=0.868  vel_z=+0.0000  |omega|=0.0000
[reset] z=0.868  vel_z=+0.0000  |omega|=0.0000
[reset] z=0.906  vel_z=+0.0000  |omega|=0.0000
[reset] z=0.906  vel_z=+0.0000  |omega|=0.0000
[reset] z=1.062  vel_z=+0.0000  |omega|=0.0000
[reset] z=1.062  vel_z=+0.0000  |omega|=0.0000
[reset] z=0.811  vel_z=+0.0000  |omega|=0.0000
[reset] z=0.811  vel_z=+0.0000  |omega|=0.0000
[reset] z=1.228  vel_z=+0.0000  |omega|=0.0000
[reset] z=1.228  vel_z=+0.0000  |omega|=0.0000
[reset] z=1.347  vel_z=+0.0000  |omega|=0.0000
[reset] z=1.347  vel_z=+0.0000  |omega|=0.0000
[reset] z=1.412  vel_z=+0.0000  |omega|=0.0000
[reset] z=1.412  vel_z=+0.0000  |omega|=0.0000
[reset] z=0.858  vel_z=+0.0000  |omega|=0.0000
[reset] z=0.858  vel_z=+0.0000  |omega|=0.0000
[reset] z=1.333  vel_z=+0.0000  |omega|=0.0000
[reset] z=1.333  vel_z=+0.0000  |omega|=0.0000
[reset] z=1.456  vel_z=+0.0000  |omega|=0.0000
[reset] z=1.456  vel_z=+0.0000  |omega|=0.0000
[reset] z=0.912  vel_z=+0.0000  |omega|=0.0000
[reset] z=0.912  vel_z=+0.0000  |omega|=0.0000
  [ 480/500] OFF surv=   0 ON surv= 480
[reset] z=1.032  vel_z=+0.0000  |omega|=0.0000
[reset] z=1.032  vel_z=+0.0000  |omega|=0.0000
[reset] z=1.461  vel_z=+0.0000  |omega|=0.0000
[reset] z=1.461  vel_z=+0.0000  |omega|=0.0000
[reset] z=1.333  vel_z=+0.0000  |omega|=0.0000
[reset] z=1.333  vel_z=+0.0000  |omega|=0.0000
[reset] z=1.497  vel_z=+0.0000  |omega|=0.0000
[reset] z=1.497  vel_z=+0.0000  |omega|=0.0000
[reset] z=1.401  vel_z=+0.0000  |omega|=0.0000
[reset] z=1.401  vel_z=+0.0000  |omega|=0.0000
[reset] z=1.032  vel_z=+0.0000  |omega|=0.0000
[reset] z=1.032  vel_z=+0.0000  |omega|=0.0000
[reset] z=1.475  vel_z=+0.0000  |omega|=0.0000
[reset] z=1.475  vel_z=+0.0000  |omega|=0.0000
[reset] z=0.854  vel_z=+0.0000  |omega|=0.0000
[reset] z=0.854  vel_z=+0.0000  |omega|=0.0000
[reset] z=1.275  vel_z=+0.0000  |omega|=0.0000
[reset] z=1.275  vel_z=+0.0000  |omega|=0.0000
[reset] z=0.980  vel_z=+0.0000  |omega|=0.0000
[reset] z=0.980  vel_z=+0.0000  |omega|=0.0000
[reset] z=1.405  vel_z=+0.0000  |omega|=0.0000
[reset] z=1.405  vel_z=+0.0000  |omega|=0.0000
[reset] z=1.254  vel_z=+0.0000  |omega|=0.0000
[reset] z=1.254  vel_z=+0.0000  |omega|=0.0000
  [ 492/500] OFF surv=   0 ON surv= 492
[reset] z=1.333  vel_z=+0.0000  |omega|=0.0000
[reset] z=1.333  vel_z=+0.0000  |omega|=0.0000
[reset] z=0.844  vel_z=+0.0000  |omega|=0.0000
[reset] z=0.844  vel_z=+0.0000  |omega|=0.0000
[reset] z=1.213  vel_z=+0.0000  |omega|=0.0000
[reset] z=1.213  vel_z=+0.0000  |omega|=0.0000
[reset] z=0.992  vel_z=+0.0000  |omega|=0.0000
[reset] z=0.992  vel_z=+0.0000  |omega|=0.0000
[reset] z=1.274  vel_z=+0.0000  |omega|=0.0000
[reset] z=1.274  vel_z=+0.0000  |omega|=0.0000
[reset] z=0.870  vel_z=+0.0000  |omega|=0.0000
[reset] z=0.870  vel_z=+0.0000  |omega|=0.0000
[reset] z=1.025  vel_z=+0.0000  |omega|=0.0000
[reset] z=1.025  vel_z=+0.0000  |omega|=0.0000
[reset] z=1.042  vel_z=+0.0000  |omega|=0.0000
[reset] z=1.042  vel_z=+0.0000  |omega|=0.0000

==============================================================================
OFF survival: 0.0% (0/500)
ON  survival: 100.0% (500/500)
Wrote /repo/experiments/results/crazyflie_vla_iso500.json
==============================================================================
2026-09-24T02:15:09Z [164,514ms] [Warning] [omni.usd] Coding Error: in SetEditTarget at line 3930 of /builds/omniverse/usd-ci/conan/src/0.25.11.kit.2/pxr/usd/usd/stage.cpp -- Layer @metrics:UnitsAdjust-d4ecc273dee5ccdea965b00e612a67af.metricsAssembler@ is not in the local LayerStack rooted at @anon:0x55556a326990:World0.usd@

2026-09-24T02:15:09Z [164,515ms] [Warning] [omni.usd] Coding Error: in SetEditTarget at line 3930 of /builds/omniverse/usd-ci/conan/src/0.25.11.kit.2/pxr/usd/usd/stage.cpp -- Layer @metrics:UnitsAdjust-d4ecc273dee5ccdea965b00e612a67af.metricsAssembler@ is not in the local LayerStack rooted at @anon:0x55556a326990:World0.usd@

2026-09-24T02:15:09Z [164,515ms] [Warning] [omni.usd] Coding Error: in SetEditTarget at line 3930 of /builds/omniverse/usd-ci/conan/src/0.25.11.kit.2/pxr/usd/usd/stage.cpp -- Layer @metrics:UnitsAdjust-d4ecc273dee5ccdea965b00e612a67af.metricsAssembler@ is not in the local LayerStack rooted at @anon:0x55556a326990:World0.usd@

2026-09-24T02:15:09Z [164,515ms] [Warning] [omni.usd] Coding Error: in SetEditTarget at line 3930 of /builds/omniverse/usd-ci/conan/src/0.25.11.kit.2/pxr/usd/usd/stage.cpp -- Layer @metrics:UnitsAdjust-d4ecc273dee5ccdea965b00e612a67af.metricsAssembler@ is not in the local LayerStack rooted at @anon:0x55556a326990:World0.usd@

2026-09-24T02:15:09Z [164,515ms] [Warning] [omni.usd] Coding Error: in SetEditTarget at line 3930 of /builds/omniverse/usd-ci/conan/src/0.25.11.kit.2/pxr/usd/usd/stage.cpp -- Layer @metrics:UnitsAdjust-d4ecc273dee5ccdea965b00e612a67af.metricsAssembler@ is not in the local LayerStack rooted at @anon:0x55556a326990:World0.usd@

2026-09-24T02:15:09Z [164,515ms] [Warning] [omni.usd] Coding Error: in SetEditTarget at line 3930 of /builds/omniverse/usd-ci/conan/src/0.25.11.kit.2/pxr/usd/usd/stage.cpp -- Layer @metrics:UnitsAdjust-d4ecc273dee5ccdea965b00e612a67af.metricsAssembler@ is not in the local LayerStack rooted at @anon:0x55556a326990:World0.usd@

2026-09-24T02:15:09Z [164,515ms] [Warning] [omni.usd] Coding Error: in SetEditTarget at line 3930 of /builds/omniverse/usd-ci/conan/src/0.25.11.kit.2/pxr/usd/usd/stage.cpp -- Layer @metrics:UnitsAdjust-d4ecc273dee5ccdea965b00e612a67af.metricsAssembler@ is not in the local LayerStack rooted at @anon:0x55556a326990:World0.usd@

2026-09-24T02:15:09Z [164,515ms] [Warning] [omni.usd] Coding Error: in SetEditTarget at line 3930 of /builds/omniverse/usd-ci/conan/src/0.25.11.kit.2/pxr/usd/usd/stage.cpp -- Layer @metrics:UnitsAdjust-d4ecc273dee5ccdea965b00e612a67af.metricsAssembler@ is not in the local LayerStack rooted at @anon:0x55556a326990:World0.usd@

2026-09-24T02:15:09Z [164,515ms] [Warning] [omni.usd] Coding Error: in SetEditTarget at line 3930 of /builds/omniverse/usd-ci/conan/src/0.25.11.kit.2/pxr/usd/usd/stage.cpp -- Layer @metrics:UnitsAdjust-d4ecc273dee5ccdea965b00e612a67af.metricsAssembler@ is not in the local LayerStack rooted at @anon:0x55556a326990:World0.usd@

2026-09-24T02:15:09Z [164,515ms] [Warning] [omni.usd] Coding Error: in SetEditTarget at line 3930 of /builds/omniverse/usd-ci/conan/src/0.25.11.kit.2/pxr/usd/usd/stage.cpp -- Layer @metrics:UnitsAdjust-d4ecc273dee5ccdea965b00e612a67af.metricsAssembler@ is not in the local LayerStack rooted at @anon:0x55556a326990:World0.usd@

2026-09-24T02:15:09Z [164,515ms] [Warning] [omni.usd] Coding Error: in SetEditTarget at line 3930 of /builds/omniverse/usd-ci/conan/src/0.25.11.kit.2/pxr/usd/usd/stage.cpp -- Layer @metrics:UnitsAdjust-d4ecc273dee5ccdea965b00e612a67af.metricsAssembler@ is not in the local LayerStack rooted at @anon:0x55556a326990:World0.usd@

2026-09-24T02:15:09Z [164,515ms] [Warning] [omni.usd] Coding Error: in SetEditTarget at line 3930 of /builds/omniverse/usd-ci/conan/src/0.25.11.kit.2/pxr/usd/usd/stage.cpp -- Layer @metrics:UnitsAdjust-d4ecc273dee5ccdea965b00e612a67af.metricsAssembler@ is not in the local LayerStack rooted at @anon:0x55556a326990:World0.usd@

2026-09-24T02:15:09Z [164,515ms] [Warning] [omni.usd] Coding Error: in SetEditTarget at line 3930 of /builds/omniverse/usd-ci/conan/src/0.25.11.kit.2/pxr/usd/usd/stage.cpp -- Layer @metrics:UnitsAdjust-d4ecc273dee5ccdea965b00e612a67af.metricsAssembler@ is not in the local LayerStack rooted at @anon:0x55556a326990:World0.usd@

2026-09-24T02:15:09Z [164,515ms] [Warning] [omni.usd] Coding Error: in SetEditTarget at line 3930 of /builds/omniverse/usd-ci/conan/src/0.25.11.kit.2/pxr/usd/usd/stage.cpp -- Layer @metrics:UnitsAdjust-d4ecc273dee5ccdea965b00e612a67af.metricsAssembler@ is not in the local LayerStack rooted at @anon:0x55556a326990:World0.usd@

2026-09-24T02:15:09Z [164,515ms] [Warning] [omni.usd] Coding Error: in SetEditTarget at line 3930 of /builds/omniverse/usd-ci/conan/src/0.25.11.kit.2/pxr/usd/usd/stage.cpp -- Layer @metrics:UnitsAdjust-d4ecc273dee5ccdea965b00e612a67af.metricsAssembler@ is not in the local LayerStack rooted at @anon:0x55556a326990:World0.usd@

2026-09-24T02:15:09Z [164,515ms] [Warning] [omni.usd] Coding Error: in SetEditTarget at line 3930 of /builds/omniverse/usd-ci/conan/src/0.25.11.kit.2/pxr/usd/usd/stage.cpp -- Layer @metrics:UnitsAdjust-d4ecc273dee5ccdea965b00e612a67af.metricsAssembler@ is not in the local LayerStack rooted at @anon:0x55556a326990:World0.usd@

2026-09-24T02:15:09Z [164,515ms] [Warning] [omni.usd] Coding Error: in SetEditTarget at line 3930 of /builds/omniverse/usd-ci/conan/src/0.25.11.kit.2/pxr/usd/usd/stage.cpp -- Layer @metrics:UnitsAdjust-d4ecc273dee5ccdea965b00e612a67af.metricsAssembler@ is not in the local LayerStack rooted at @anon:0x55556a326990:World0.usd@

2026-09-24T02:15:09Z [164,515ms] [Warning] [omni.usd] Coding Error: in SetEditTarget at line 3930 of /builds/omniverse/usd-ci/conan/src/0.25.11.kit.2/pxr/usd/usd/stage.cpp -- Layer @metrics:UnitsAdjust-d4ecc273dee5ccdea965b00e612a67af.metricsAssembler@ is not in the local LayerStack rooted at @anon:0x55556a326990:World0.usd@

2026-09-24T02:15:09Z [164,515ms] [Warning] [omni.usd] Coding Error: in SetEditTarget at line 3930 of /builds/omniverse/usd-ci/conan/src/0.25.11.kit.2/pxr/usd/usd/stage.cpp -- Layer @metrics:UnitsAdjust-d4ecc273dee5ccdea965b00e612a67af.metricsAssembler@ is not in the local LayerStack rooted at @anon:0x55556a326990:World0.usd@

[478.113s] Simulation App Shutting Down
WARNING: nv files may not be bound with --writable
WARNING: Skipping mount /usr/share/nvidia/nvoptix.bin [files]: /usr/share/nvidia/nvoptix.bin doesn't exist in container
WARNING: Skipping mount /usr/bin/nvidia-persistenced [files]: /usr/bin/nvidia-persistenced doesn't exist in container
WARNING: Skipping mount /usr/bin/nvidia-cuda-mps-control [files]: /usr/bin/nvidia-cuda-mps-control doesn't exist in container
WARNING: Skipping mount /var/run/nvidia-persistenced/socket [files]: /var/run/nvidia-persistenced/socket doesn't exist in container
WARNING: Skipping mount /usr/share/egl/egl_external_platform.d/15_nvidia_gbm.json [files]: /usr/share/egl/egl_external_platform.d/15_nvidia_gbm.json doesn't exist in container
WARNING: Skipping mount /usr/bin/nvidia-smi [files]: /usr/bin/nvidia-smi doesn't exist in container
WARNING: Skipping mount /usr/bin/nvidia-debugdump [files]: /usr/bin/nvidia-debugdump doesn't exist in container
WARNING: Skipping mount /usr/bin/nvidia-cuda-mps-server [files]: /usr/bin/nvidia-cuda-mps-server doesn't exist in container
WARNING: Skipping mount /usr/share/egl/egl_external_platform.d/10_nvidia_wayland.json [files]: /usr/share/egl/egl_external_platform.d/10_nvidia_wayland.json doesn't exist in container
WARNING: Error changing the container working directory. Using '/scratch/rpachgha/solhome' instead: chdir /scratch/rpachgha/autonomous-drone-safety-architecture: no such file or directory
Traceback (most recent call last):
  File "/repo/experiments/plot_crazyflie_ab_large.py", line 118, in <module>
    main()
  File "/repo/experiments/plot_crazyflie_ab_large.py", line 62, in main
    ax.errorbar(labels, [100 * r for r in rates],
  File "/isaac-sim/exts/omni.isaac.core_archive/pip_prebundle/matplotlib/_api/deprecation.py", line 453, in wrapper
    return func(*args, **kwargs)
           ^^^^^^^^^^^^^^^^^^^^^
  File "/isaac-sim/exts/omni.isaac.core_archive/pip_prebundle/matplotlib/__init__.py", line 1524, in inner
    return func(
           ^^^^^
  File "/isaac-sim/exts/omni.isaac.core_archive/pip_prebundle/matplotlib/axes/_axes.py", line 3825, in errorbar
    raise ValueError(
ValueError: 'yerr' must not contain negative values
There was an error running python
PLOT_SKIPPED_ON_CLUSTER (regenerate locally from the JSON)
DONE — artifacts in experiments/results/ (commit from a login node)
